Archive member included because of file (symbol)

C:\Users\USER\Desktop\WORKSP~1\TUNNEL~1\TC275\erika\lib\libee.a(ee_tc_cstart.c.o)
                              (__TRICORE_DERIVATE_NAME__)
C:\Users\USER\Desktop\WORKSP~1\TUNNEL~1\TC275\erika\lib\libee.a(ee_tc_system.c.o)
                              C:\Users\USER\Desktop\WORKSP~1\TUNNEL~1\TC275\erika\lib\libee.a(ee_tc_cstart.c.o) (osEE_tc_set_pll_fsource)
C:\Users\USER\Desktop\WORKSP~1\TUNNEL~1\TC275\erika\lib\libee.a(ee_tc_trapvec.c.o)
                              C:\Users\USER\Desktop\WORKSP~1\TUNNEL~1\TC275\erika\lib\libee.a(ee_tc_cstart.c.o) (__TRAPTAB)
C:\Users\USER\Desktop\WORKSP~1\TUNNEL~1\TC275\erika\lib\libee.a(ee_tc_intvec.c.o)
                              C:\Users\USER\Desktop\WORKSP~1\TUNNEL~1\TC275\erika\lib\libee.a(ee_tc_cstart.c.o) (__INTTAB0)
C:\Users\USER\Desktop\WORKSP~1\TUNNEL~1\TC275\erika\lib\libee.a(ee_oo_api_osek.c.o)
                              obj/asw.c.o (DisableAllInterrupts)
C:\Users\USER\Desktop\WORKSP~1\TUNNEL~1\TC275\erika\lib\libee.a(ee_oo_sched_entry_points.c.o)
                              obj/ee_applcfg.c.o (osEE_idle_hook_wrapper)
C:\Users\USER\Desktop\WORKSP~1\TUNNEL~1\TC275\erika\lib\libee.a(ee_oo_scheduler.c.o)
                              C:\Users\USER\Desktop\WORKSP~1\TUNNEL~1\TC275\erika\lib\libee.a(ee_oo_api_osek.c.o) (osEE_scheduler_core_pop_running)
C:\Users\USER\Desktop\WORKSP~1\TUNNEL~1\TC275\erika\lib\libee.a(ee_oo_kernel.c.o)
                              C:\Users\USER\Desktop\WORKSP~1\TUNNEL~1\TC275\erika\lib\libee.a(ee_oo_api_osek.c.o) (osEE_task_activated)
C:\Users\USER\Desktop\WORKSP~1\TUNNEL~1\TC275\erika\lib\libee.a(ee_oo_sched_partitioned.c.o)
                              C:\Users\USER\Desktop\WORKSP~1\TUNNEL~1\TC275\erika\lib\libee.a(ee_oo_api_osek.c.o) (osEE_scheduler_task_activated)
C:\Users\USER\Desktop\WORKSP~1\TUNNEL~1\TC275\erika\lib\libee.a(ee_std_change_context.c.o)
                              C:\Users\USER\Desktop\WORKSP~1\TUNNEL~1\TC275\erika\lib\libee.a(ee_oo_api_osek.c.o) (osEE_change_context_from_running)
C:\Users\USER\Desktop\WORKSP~1\TUNNEL~1\TC275\erika\lib\libee.a(ee_tc_hal.c.o)
                              C:\Users\USER\Desktop\WORKSP~1\TUNNEL~1\TC275\erika\lib\libee.a(ee_oo_api_osek.c.o) (osEE_cpu_startos)
C:\Users\USER\Desktop\WORKSP~1\TUNNEL~1\TC275\erika\lib\libee.a(ee_tc_ctx.c.o)
                              C:\Users\USER\Desktop\WORKSP~1\TUNNEL~1\TC275\erika\lib\libee.a(ee_std_change_context.c.o) (osEE_hal_ready2stacked)
c:/hightec/toolchains/tricore/v4.9.3.0-infineon-1.0/bin/../lib/gcc/tricore/4.9.4/tc161\libgcc.a(_lshrdi3.o)
                              obj/illd/src/IfxStm.c.o (__lshrdi3)
c:/hightec/toolchains/tricore/v4.9.3.0-infineon-1.0/bin/../lib/gcc/tricore/4.9.4/tc161\libgcc.a(_floatundisf.o)
                              obj/bsw.c.o (__floatundisf)
c:/hightec/toolchains/tricore/v4.9.3.0-infineon-1.0/bin/../lib/gcc/tricore/4.9.4/tc161\libgcc.a(_sf_to_df.o)
                              obj/illd/Libraries/iLLD/TC27D/Tricore/Vadc/std/IfxVadc.c.o (__extendsfdf2)
c:/hightec/toolchains/tricore/v4.9.3.0-infineon-1.0/bin/../lib/gcc/tricore/4.9.4/tc161\libgcc.a(_addsub_df.o)
                              obj/illd/Libraries/iLLD/TC27D/Tricore/Vadc/std/IfxVadc.c.o (__adddf3)
c:/hightec/toolchains/tricore/v4.9.3.0-infineon-1.0/bin/../lib/gcc/tricore/4.9.4/tc161\libgcc.a(_mul_df.o)
                              obj/illd/src/IfxAsclin.c.o (__muldf3)
c:/hightec/toolchains/tricore/v4.9.3.0-infineon-1.0/bin/../lib/gcc/tricore/4.9.4/tc161\libgcc.a(_div_df.o)
                              obj/illd/Libraries/iLLD/TC27D/Tricore/Vadc/std/IfxVadc.c.o (__divdf3)
c:/hightec/toolchains/tricore/v4.9.3.0-infineon-1.0/bin/../lib/gcc/tricore/4.9.4/tc161\libgcc.a(_si_to_df.o)
                              obj/illd/src/IfxScuCcu.c.o (__floatsidf)
c:/hightec/toolchains/tricore/v4.9.3.0-infineon-1.0/bin/../lib/gcc/tricore/4.9.4/tc161\libgcc.a(_make_df.o)
                              c:/hightec/toolchains/tricore/v4.9.3.0-infineon-1.0/bin/../lib/gcc/tricore/4.9.4/tc161\libgcc.a(_sf_to_df.o) (__make_dp)
c:/hightec/toolchains/tricore/v4.9.3.0-infineon-1.0/bin/../lib/gcc/tricore/4.9.4/tc161\libgcc.a(_df_to_sf.o)
                              obj/illd/Libraries/iLLD/TC27D/Tricore/Vadc/std/IfxVadc.c.o (__truncdfsf2)
c:/hightec/toolchains/tricore/v4.9.3.0-infineon-1.0/bin/../lib/gcc/tricore/4.9.4/tc161\libgcc.a(_thenan_df.o)
                              c:/hightec/toolchains/tricore/v4.9.3.0-infineon-1.0/bin/../lib/gcc/tricore/4.9.4/tc161\libgcc.a(_addsub_df.o) (__thenan_df)
c:/hightec/toolchains/tricore/v4.9.3.0-infineon-1.0/bin/../lib/gcc/tricore/4.9.4/tc161\libgcc.a(_usi_to_df.o)
                              c:/hightec/toolchains/tricore/v4.9.3.0-infineon-1.0/bin/../lib/gcc/tricore/4.9.4/tc161\libgcc.a(_floatundisf.o) (__floatunsidf)
c:/hightec/toolchains/tricore/v4.9.3.0-infineon-1.0/bin/../lib/gcc/tricore/4.9.4/tc161\libgcc.a(_ashldi3.o)
[...]
Memory Configuration

Name             Origin             Length             Used               Free               Attributes
DMI_DSPR2_local  0x00000000d0000000 0x000000000001e000         0x0000000000000000         0x000000000001e000 w !xpc2
DMI_DSPR2        0x0000000050000000 0x000000000001e000         0x000000000001dc00         0x0000000000000400 w !xpc2
PMI_PSPR2        0x0000000050100000 0x0000000000006000         0x0000000000000000         0x0000000000006000 xw !pc2
DMI_DSPR1_local  0x00000000d0000000 0x000000000001e000         0x0000000000000000         0x000000000001e000 w !xpc1
DMI_DSPR1        0x0000000060000000 0x000000000001e000         0x000000000001dc00         0x0000000000000400 w !xpc1
PMI_PSPR1        0x0000000060100000 0x0000000000006000         0x0000000000000000         0x0000000000006000 xw !pc1
DMI_DSPR0_local  0x00000000d0000000 0x000000000001c000         0x0000000000000000         0x000000000001c000 w !xpc0
DMI_DSPR0        0x0000000070000000 0x000000000001c000         0x000000000001bc00         0x0000000000000400 w !xpc0
PMI_PSPR0        0x0000000070100000 0x0000000000006000         0x0000000000000000         0x0000000000006000 xw !pc0
PMI_PSRAM_local  0x00000000c0000000 0x0000000000006000         0x0000000000000000         0x0000000000006000 xw !p
PMU_PFLASH       0x0000000080000000 0x0000000000400000         0x000000000000ef00         0x00000000003f1100 xr !p
PMU_PFLASH_nc    0x00000000a0000000 0x0000000000400000         0x0000000000000000         0x0000000000400000 xr !p
PMU_DFLASH0      0x00000000af000000 0x0000000000104000         0x0000000000000000         0x0000000000104000 r !xp
PMU_DFLASH1      0x00000000af110000 0x0000000000010000         0x0000000000000000         0x0000000000010000 r !xp
LMU_SRAM         0x0000000090000000 0x0000000000008000         0x0000000000000000         0x0000000000008000 w !xp
LMU_SRAM_nc      0x00000000b0000000 0x0000000000008000         0x0000000000000000         0x0000000000008000 w !xp
EDMEM            0x000000009f000000 0x0000000000100000         0x0000000000000000         0x0000000000100000 w !xp
EDMEM_nc         0x00000000bf000000 0x0000000000100000         0x0000000000000000         0x0000000000100000 w !xp
BROM             0x000000008fff8000 0x0000000000008000         0x0000000000000000         0x0000000000008000 xr !p
*default*        0x0000000000000000 0xffffffffffffffff         0x0000000000000000         0xffffffffffffffff

List of aliases

DMI_DSPR0       : GLOBAL_RAM

Memory region maps:

CORE     Local Region   Global Region
CPU0     0xd0000000     0x70000000
CPU1     0xd0000000     0x60000000
CPU2     0xd0000000     0x50000000


Linker script and memory map

LOAD obj/Button_Driver.c.o
LOAD obj/Lcd_Driver.c.o
LOAD obj/asw.c.o
LOAD obj/bsw.c.o
LOAD obj/ee_applcfg.c.o
LOAD obj/illd/Libraries/iLLD/TC27D/Tricore/Vadc/std/IfxVadc.c.o
LOAD obj/illd/Libraries/iLLD/TC27D/Tricore/_Impl/IfxVadc_cfg.c.o
LOAD obj/illd/src/Bsp.c.o
LOAD obj/illd/src/CompilerGnuc.c.o
LOAD obj/illd/src/IfxAsclin.c.o
LOAD obj/illd/src/IfxAsclin_Asc.c.o
LOAD obj/illd/src/IfxAsclin_PinMap.c.o
LOAD obj/illd/src/IfxAsclin_cfg.c.o
LOAD obj/illd/src/IfxCpu.c.o
LOAD obj/illd/src/IfxCpu_Irq.c.o
LOAD obj/illd/src/IfxCpu_cfg.c.o
LOAD obj/illd/src/IfxPort.c.o
LOAD obj/illd/src/IfxPort_cfg.c.o
LOAD obj/illd/src/IfxScuCcu.c.o
LOAD obj/illd/src/IfxScuEru.c.o
LOAD obj/illd/src/IfxScuWdt.c.o
LOAD obj/illd/src/IfxScu_PinMap.c.o
LOAD obj/illd/src/IfxScu_cfg.c.o
LOAD obj/illd/src/IfxSrc.c.o
LOAD obj/illd/src/IfxSrc_cfg.c.o
LOAD obj/illd/src/IfxStdIf_DPipe.c.o
LOAD obj/illd/src/IfxStm.c.o
LOAD obj/illd/src/IfxStm_cfg.c.o
LOAD obj/illd/src/IfxVadc_Adc.c.o
LOAD obj/illd/src/Ifx_CircularBuffer.c.o
LOAD obj/illd/src/Ifx_Fifo.c.o
LOAD obj/infotainment_System.c.o
LOAD obj/photoresistor_Driver.c.o
LOAD obj/ultrasonic_Driver.c.o
START GROUP
LOAD C:\Users\USER\Desktop\WORKSP~1\TUNNEL~1\TC275\erika\lib\libee.a
END GROUP
LOAD c:/hightec/toolchains/tricore/v4.9.3.0-infineon-1.0/bin/../lib/gcc/tricore/4.9.4/tc161\libgcc.a
LOAD c:/hightec/toolchains/tricore/v4.9.3.0-infineon-1.0/bin/../lib/gcc/tricore/4.9.4/../../../../tricore/lib/tc161\libc.a
LOAD c:/hightec/toolchains/tricore/v4.9.3.0-infineon-1.0/bin/../lib/gcc/tricore/4.9.4/../../../../tricore/lib/tc161\libos.a
LOAD c:/hightec/toolchains/tricore/v4.9.3.0-infineon-1.0/bin/../lib/gcc/tricore/4.9.4/../../../../tricore/lib/tc161\libm.a
LOAD c:/hightec/toolchains/tricore/v4.9.3.0-infineon-1.0/bin/../lib/gcc/tricore/4.9.4/../../../../tricore/lib/tc161\libc.a
LOAD c:/hightec/toolchains/tricore/v4.9.3.0-infineon-1.0/bin/../lib/gcc/tricore/4.9.4/tc161\libgcc.a
                0x0000000000002700                __TRICORE_DERIVATE_MEMORY_MAP__ = 0x2700
                [0x0000000000002000]                __CSA_SIZE = DEFINED (__CSA_SIZE)?__CSA_SIZE:0x2000
                [0x0000000000000400]                __ISTACK_SIZE = DEFINED (__ISTACK_SIZE)?__ISTACK_SIZE:0x400
                [0x0000000000001000]                __USTACK_SIZE = DEFINED (__USTACK_SIZE)?__USTACK_SIZE:0x1000
                [0x0000000000000000]                __HEAP_SIZE = DEFINED (__HEAP_SIZE)?__HEAP_SIZE:0x0
                [0x0000000000002000]                __CSA0_SIZE = DEFINED (__CSA0_SIZE)?__CSA0_SIZE:__CSA_SIZE
                [0x0000000000000400]                __ISTACK0_SIZE = DEFINED (__ISTACK0_SIZE)?__ISTACK0_SIZE:__ISTACK_SIZE
                [0x0000000000001000]                __USTACK0_SIZE = DEFINED (__USTACK0_SIZE)?__USTACK0_SIZE:__USTACK_SIZE
                [0x0000000000002000]                __CSA1_SIZE = DEFINED (__CSA1_SIZE)?__CSA1_SIZE:__CSA_SIZE
                [0x0000000000000400]                __ISTACK1_SIZE = DEFINED (__ISTACK1_SIZE)?__ISTACK1_SIZE:__ISTACK_SIZE
                [0x0000000000001000]                __USTACK1_SIZE = DEFINED (__USTACK1_SIZE)?__USTACK1_SIZE:__USTACK_SIZE
                [0x0000000000002000]                __CSA2_SIZE = DEFINED (__CSA2_SIZE)?__CSA2_SIZE:__CSA_SIZE
                [0x0000000000000400]                __ISTACK2_SIZE = DEFINED (__ISTACK2_SIZE)?__ISTACK2_SIZE:__ISTACK_SIZE
                [0x0000000000001000]                __USTACK2_SIZE = DEFINED (__USTACK2_SIZE)?__USTACK2_SIZE:__USTACK_SIZE
                0x0000000050000000                __DSPR2_START = 0x50000000
                0x0000000060000000                __DSPR1_START = 0x60000000
                0x0000000070000000                __DSPR0_START = 0x70000000
                0x000000000001e000                __DSPR2_SIZE = 0x1e000
                0x000000000001e000                __DSPR1_SIZE = 0x1e000
                0x000000000001c000                __DSPR0_SIZE = 0x1c000
                0x0000000000019c00                __CSA0_OFFSET = ((__DSPR0_SIZE - 0x400) - __CSA0_SIZE)
                0x0000000000019700                __ISTACK0_OFFSET = ((__CSA0_OFFSET - 0x100) - __ISTACK0_SIZE)
                0x0000000000018600                __USTACK0_OFFSET = ((__ISTACK0_OFFSET - 0x100) - __USTACK0_SIZE)
                0x000000000001bc00                __CSA1_OFFSET = ((__DSPR1_SIZE - 0x400) - __CSA1_SIZE)
                0x000000000001b700                __ISTACK1_OFFSET = ((__CSA1_OFFSET - 0x100) - __ISTACK1_SIZE)
                0x000000000001a600                __USTACK1_OFFSET = ((__ISTACK1_OFFSET - 0x100) - __USTACK1_SIZE)
                0x000000000001bc00                __CSA2_OFFSET = ((__DSPR2_SIZE - 0x400) - __CSA2_SIZE)
                0x000000000001b700                __ISTACK2_OFFSET = ((__CSA2_OFFSET - 0x100) - __ISTACK2_SIZE)
                0x000000000001a600                __USTACK2_OFFSET = ((__ISTACK2_OFFSET - 0x100) - __USTACK2_SIZE)

.bmhd0          memory region -> PMU_PFLASH
                0x0000000080000000        0x0
                0x0000000080000000                BootModeHeader0 = .
 *(.bmhd0)

.bmhd1          memory region -> PMU_PFLASH
                0x0000000080020000        0x0
                0x0000000080020000                BootModeHeader1 = .
 *(.bmhd1)

.startup        memory region -> PMU_PFLASH
                0x0000000080000020        0x6
                0x0000000080000020                BootModeIndex = .
 *(.startup)
 .startup       0x0000000080000020        0x6 C:\Users\USER\Desktop\WORKSP~1\TUNNEL~1\TC275\erika\lib\libee.a(ee_tc_cstart.c.o)
                0x0000000080000020                _start

.zrodata
 *(.zrodata)
 *(.zrodata.*)

.sdata2         memory region -> PMU_PFLASH
                0x0000000080000026        0x0
 *(.srodata)
 *(.srodata.*)
                0x0000000080008000                _SMALL_DATA2_ = SIZEOF (.sdata2)?(ADDR (.sdata2) + 0x8000):((ADDR (.sdata2) & 0xf0000000) + 0x8000)
                0x0000000080008000                __A1_MEM = _SMALL_DATA2_

.rodata         memory region -> PMU_PFLASH
                0x0000000080000028     0x1138
 *(.rodata)
 .rodata        0x0000000080000028        0x3 obj/Button_Driver.c.o
 .rodata        0x000000008000002b       0x39 obj/asw.c.o
 .rodata        0x0000000080000064       0x54 obj/bsw.c.o
 .rodata        0x00000000800000b8      0x12c obj/ee_applcfg.c.o
                0x00000000800000b8                osEE_kdb_var
                0x00000000800000cc                osEE_cdb_var
 .rodata        0x00000000800001e4        0x6 obj/illd/Libraries/iLLD/TC27D/Tricore/Vadc/std/IfxVadc.c.o
 *fill*         0x00000000800001ea        0x2 00
 .rodata        0x00000000800001ec       0xa0 obj/illd/Libraries/iLLD/TC27D/Tricore/_Impl/IfxVadc_cfg.c.o
                0x00000000800001ec                IfxVadc_cfg_srcAddresses
 .rodata        0x000000008000028c      0x6b0 obj/illd/src/IfxAsclin_PinMap.c.o
                0x000000008000028c                IfxAsclin3_TX_P32_3_OUT
                0x000000008000029c                IfxAsclin3_TX_P32_2_OUT
                0x00000000800002ac                IfxAsclin3_TX_P22_1_OUT
                0x00000000800002bc                IfxAsclin3_TX_P22_0_OUT
                0x00000000800002cc                IfxAsclin3_TX_P21_7_OUT
                0x00000000800002dc                IfxAsclin3_TX_P20_3_OUT
                0x00000000800002ec                IfxAsclin3_TX_P20_0_OUT
                0x00000000800002fc                IfxAsclin3_TX_P15_7_OUT
                0x000000008000030c                IfxAsclin3_TX_P15_6_OUT
                0x000000008000031c                IfxAsclin3_TX_P11_1_OUT
                0x000000008000032c                IfxAsclin3_TX_P11_0_OUT
                0x000000008000033c                IfxAsclin3_TX_P00_1_OUT
                0x000000008000034c                IfxAsclin3_TX_P00_0_OUT
                0x000000008000035c                IfxAsclin2_TX_P33_9_OUT
                0x000000008000036c                IfxAsclin2_TX_P33_8_OUT
                0x000000008000037c                IfxAsclin2_TX_P32_5_OUT
                0x000000008000038c                IfxAsclin2_TX_P14_3_OUT
                0x000000008000039c                IfxAsclin2_TX_P14_2_OUT
                0x00000000800003ac                IfxAsclin2_TX_P10_5_OUT
                0x00000000800003bc                IfxAsclin2_TX_P02_9_OUT
                0x00000000800003cc                IfxAsclin2_TX_P02_0_OUT
                0x00000000800003dc                IfxAsclin1_TX_P33_13_OUT
                0x00000000800003ec                IfxAsclin1_TX_P33_12_OUT
                0x00000000800003fc                IfxAsclin1_TX_P20_10_OUT
                0x000000008000040c                IfxAsclin1_TX_P15_5_OUT
                0x000000008000041c                IfxAsclin1_TX_P15_4_OUT
                0x000000008000042c                IfxAsclin1_TX_P15_1_OUT
                0x000000008000043c                IfxAsclin1_TX_P15_0_OUT
                0x000000008000044c                IfxAsclin1_TX_P14_10_OUT
                0x000000008000045c                IfxAsclin1_TX_P11_12_OUT
                0x000000008000046c                IfxAsclin1_TX_P02_2_OUT
                0x000000008000047c                IfxAsclin0_TX_P34_1_OUT
                0x000000008000048c                IfxAsclin0_TX_P15_3_OUT
                0x000000008000049c                IfxAsclin0_TX_P15_2_OUT
                0x00000000800004ac                IfxAsclin0_TX_P14_1_OUT
                0x00000000800004bc                IfxAsclin0_TX_P14_0_OUT
                0x00000000800004cc                IfxAsclin3_SLSO_P33_1_OUT
                0x00000000800004dc                IfxAsclin3_SLSO_P21_6_OUT
                0x00000000800004ec                IfxAsclin3_SLSO_P21_2_OUT
                0x00000000800004fc                IfxAsclin3_SLSO_P14_3_OUT
                0x000000008000050c                IfxAsclin3_SLSO_P12_1_OUT
                0x000000008000051c                IfxAsclin3_SLSO_P00_3_OUT
                0x000000008000052c                IfxAsclin2_SLSO_P33_6_OUT
                0x000000008000053c                IfxAsclin2_SLSO_P10_5_OUT
                0x000000008000054c                IfxAsclin2_SLSO_P02_3_OUT
                0x000000008000055c                IfxAsclin1_SLSO_P33_10_OUT
                0x000000008000056c                IfxAsclin1_SLSO_P20_8_OUT
                0x000000008000057c                IfxAsclin1_SLSO_P14_3_OUT
                0x000000008000058c                IfxAsclin3_SCLK_P33_2_OUT
                0x000000008000059c                IfxAsclin3_SCLK_P32_3_OUT
                0x00000000800005ac                IfxAsclin3_SCLK_P21_7_OUT
                0x00000000800005bc                IfxAsclin3_SCLK_P21_5_OUT
                0x00000000800005cc                IfxAsclin3_SCLK_P20_0_OUT
                0x00000000800005dc                IfxAsclin3_SCLK_P15_8_OUT
                0x00000000800005ec                IfxAsclin3_SCLK_P15_6_OUT
                0x00000000800005fc                IfxAsclin3_SCLK_P11_4_OUT
                0x000000008000060c                IfxAsclin3_SCLK_P11_1_OUT
                0x000000008000061c                IfxAsclin3_SCLK_P00_2_OUT
                0x000000008000062c                IfxAsclin3_SCLK_P00_0_OUT
                0x000000008000063c                IfxAsclin2_SCLK_P33_9_OUT
                0x000000008000064c                IfxAsclin2_SCLK_P33_7_OUT
                0x000000008000065c                IfxAsclin2_SCLK_P14_2_OUT
                0x000000008000066c                IfxAsclin2_SCLK_P10_6_OUT
                0x000000008000067c                IfxAsclin2_SCLK_P02_4_OUT
                0x000000008000068c                IfxAsclin1_SCLK_P33_12_OUT
                0x000000008000069c                IfxAsclin1_SCLK_P33_11_OUT
                0x00000000800006ac                IfxAsclin1_SCLK_P20_10_OUT
                0x00000000800006bc                IfxAsclin1_SCLK_P15_0_OUT
                0x00000000800006cc                IfxAsclin0_SCLK_P15_2_OUT
                0x00000000800006dc                IfxAsclin0_SCLK_P14_0_OUT
                0x00000000800006ec                IfxAsclin3_RXG_P21_3_IN
                0x00000000800006fc                IfxAsclin3_RXG_P21_2_IN
                0x000000008000070c                IfxAsclin3_RXF_P21_6_IN
                0x000000008000071c                IfxAsclin3_RXE_P00_1_IN
                0x000000008000072c                IfxAsclin3_RXD_P32_2_IN
                0x000000008000073c                IfxAsclin3_RXC_P20_3_IN
                0x000000008000074c                IfxAsclin3_RXB_P11_0_IN
                0x000000008000075c                IfxAsclin3_RXA_P15_7_IN
                0x000000008000076c                IfxAsclin2_RXG_P02_0_IN
                0x000000008000077c                IfxAsclin2_RXF_P32_6_IN
                0x000000008000078c                IfxAsclin2_RXE_P33_8_IN
                0x000000008000079c                IfxAsclin2_RXD_P10_6_IN
                0x00000000800007ac                IfxAsclin2_RXC_P02_10_IN
                0x00000000800007bc                IfxAsclin2_RXB_P02_1_IN
                0x00000000800007cc                IfxAsclin2_RXA_P14_3_IN
                0x00000000800007dc                IfxAsclin1_RXG_P02_3_IN
                0x00000000800007ec                IfxAsclin1_RXF_P33_13_IN
                0x00000000800007fc                IfxAsclin1_RXE_P11_10_IN
                0x000000008000080c                IfxAsclin1_RXD_P14_8_IN
                0x000000008000081c                IfxAsclin1_RXC_P20_9_IN
                0x000000008000082c                IfxAsclin1_RXB_P15_5_IN
                0x000000008000083c                IfxAsclin1_RXA_P15_1_IN
                0x000000008000084c                IfxAsclin0_RXD_P34_2_IN
                0x000000008000085c                IfxAsclin0_RXB_P15_3_IN
                0x000000008000086c                IfxAsclin0_RXA_P14_1_IN
                0x000000008000087c                IfxAsclin3_RTS_P00_9_OUT
                0x000000008000088c                IfxAsclin2_RTS_P33_4_OUT
                0x000000008000089c                IfxAsclin2_RTS_P10_8_OUT
                0x00000000800008ac                IfxAsclin1_RTS_P23_1_OUT
                0x00000000800008bc                IfxAsclin1_RTS_P20_6_OUT
                0x00000000800008cc                IfxAsclin0_RTS_P14_7_OUT
                0x00000000800008dc                IfxAsclin3_CTSA_P00_12_IN
                0x00000000800008ec                IfxAsclin2_CTSB_P33_5_IN
                0x00000000800008fc                IfxAsclin2_CTSA_P10_7_IN
                0x000000008000090c                IfxAsclin1_CTSB_P32_4_IN
                0x000000008000091c                IfxAsclin1_CTSA_P20_7_IN
                0x000000008000092c                IfxAsclin0_CTSA_P14_9_IN
 .rodata        0x000000008000093c       0x20 obj/illd/src/IfxAsclin_cfg.c.o
                0x000000008000093c                IfxAsclin_cfg_indexMap
 .rodata        0x000000008000095c      0x100 obj/illd/src/IfxPort_cfg.c.o
                0x000000008000095c                IfxPort_cfg_indexMap
                0x00000000800009dc                IfxPort_cfg_esrMasks
 .rodata        0x0000000080000a5c       0x80 obj/illd/src/IfxScuCcu.c.o
                0x0000000080000a5c                IfxScuCcu_defaultErayPllConfig
                0x0000000080000a64                IfxScuCcu_defaultClockConfig
 .rodata        0x0000000080000adc      0x278 obj/illd/src/IfxScu_PinMap.c.o
                0x0000000080000adc                IfxScu_WDTSLCK_P20_9_OUT
                0x0000000080000aec                IfxScu_WDT2LCK_P20_6_OUT
                0x0000000080000afc                IfxScu_WDT1LCK_P20_7_OUT
                0x0000000080000b0c                IfxScu_WDT0LCK_P20_8_OUT
                0x0000000080000b1c                IfxScu_REQ9_P20_0_IN
                0x0000000080000b30                IfxScu_REQ8_P33_7_IN
                0x0000000080000b44                IfxScu_REQ7_P00_4_IN
                0x0000000080000b58                IfxScu_REQ6_P02_0_IN
                0x0000000080000b6c                IfxScu_REQ5_P10_8_IN
                0x0000000080000b80                IfxScu_REQ4_P10_7_IN
                0x0000000080000b94                IfxScu_REQ3_P10_3_IN
                0x0000000080000ba8                IfxScu_REQ2_P10_2_IN
                0x0000000080000bbc                IfxScu_REQ1_P15_8_IN
                0x0000000080000bd0                IfxScu_REQ16_P15_1_IN
                0x0000000080000be4                IfxScu_REQ15_P14_1_IN
                0x0000000080000bf8                IfxScu_REQ14_P02_1_IN
                0x0000000080000c0c                IfxScu_REQ13_P15_5_IN
                0x0000000080000c20                IfxScu_REQ12_P11_10_IN
                0x0000000080000c34                IfxScu_REQ11_P20_9_IN
                0x0000000080000c48                IfxScu_REQ10_P14_3_IN
                0x0000000080000c5c                IfxScu_REQ0_P15_4_IN
                0x0000000080000c70                IfxScu_HWCFG6_P14_4_IN
                0x0000000080000c7c                IfxScu_HWCFG5_P10_6_IN
                0x0000000080000c88                IfxScu_HWCFG4_P10_5_IN
                0x0000000080000c94                IfxScu_HWCFG3_BMI_P14_3_IN
                0x0000000080000ca0                IfxScu_HWCFG2EVR13_P14_2_IN
                0x0000000080000cac                IfxScu_HWCFG1EVR33_P14_5_IN
                0x0000000080000cb8                IfxScu_HWCFG0DCLDO_P14_6_IN
                0x0000000080000cc4                IfxScu_EXTCLK1_P32_4_OUT
                0x0000000080000cd4                IfxScu_EXTCLK1_P11_12_OUT
                0x0000000080000ce4                IfxScu_EXTCLK0_P23_1_OUT
                0x0000000080000cf4                IfxScu_EVRWUPB_P15_1_IN
                0x0000000080000d04                IfxScu_EVRWUPA_P14_1_IN
                0x0000000080000d14                IfxScu_EMGSTOPB_P21_2_IN
                0x0000000080000d24                IfxScu_EMGSTOPA_P33_8_IN
                0x0000000080000d34                IfxScu_DCDCSYNC_P33_13_OUT
                0x0000000080000d44                IfxScu_DCDCSYNC_P32_2_OUT
 .rodata        0x0000000080000d54       0x40 obj/illd/src/IfxVadc_Adc.c.o
 .rodata        0x0000000080000d94       0xbc obj/infotainment_System.c.o
 .rodata        0x0000000080000e50       0x14 c:/hightec/toolchains/tricore/v4.9.3.0-infineon-1.0/bin/../lib/gcc/tricore/4.9.4/tc161\libgcc.a(_thenan_df.o)
                0x0000000080000e50                __thenan_df
 .rodata        0x0000000080000e64        0x8 c:/hightec/toolchains/tricore/v4.9.3.0-infineon-1.0/bin/../lib/gcc/tricore/4.9.4/../../../../tricore/lib/tc161\libc.a(lib_a-impure.o)
                0x0000000080000e64                _global_impure_ptr
 .rodata        0x0000000080000e6c       0x54 c:/hightec/toolchains/tricore/v4.9.3.0-infineon-1.0/bin/../lib/gcc/tricore/4.9.4/../../../../tricore/lib/tc161\libc.a(lib_a-svfprintf.o)
 .rodata        0x0000000080000ec0        0xf c:/hightec/toolchains/tricore/v4.9.3.0-infineon-1.0/bin/../lib/gcc/tricore/4.9.4/../../../../tricore/lib/tc161\libc.a(lib_a-dtoa.o)
 *fill*         0x0000000080000ecf        0x1 00
 .rodata        0x0000000080000ed0       0x44 c:/hightec/toolchains/tricore/v4.9.3.0-infineon-1.0/bin/../lib/gcc/tricore/4.9.4/../../../../tricore/lib/tc161\libc.a(lib_a-locale.o)
 .rodata        0x0000000080000f14      0x124 c:/hightec/toolchains/tricore/v4.9.3.0-infineon-1.0/bin/../lib/gcc/tricore/4.9.4/../../../../tricore/lib/tc161\libc.a(lib_a-mprec.o)
                0x0000000080000f20                __mprec_tinytens
                0x0000000080000f48                __mprec_bigtens
                0x0000000080000f70                __mprec_tens
 *(.rodata.*)
 *(.gnu.linkonce.r.*)
                0x0000000080001038                . = ALIGN (0x4)
                0x0000000080001038                PROVIDE (__clear_table, .)
                0x0000000080001038        0x4 LONG 0x50000000 (0x0 + ADDR (.CPU2.zbss))
                0x000000008000103c        0x4 LONG 0x0 SIZEOF (.CPU2.zbss)
                0x0000000080001040        0x4 LONG 0x50000000 (0x0 + ADDR (.CPU2.bss))
                0x0000000080001044        0x4 LONG 0x0 SIZEOF (.CPU2.bss)
                0x0000000080001048        0x4 LONG 0x60000000 (0x0 + ADDR (.CPU1.zbss))
                0x000000008000104c        0x4 LONG 0x0 SIZEOF (.CPU1.zbss)
                0x0000000080001050        0x4 LONG 0x60000000 (0x0 + ADDR (.CPU1.bss))
                0x0000000080001054        0x4 LONG 0x0 SIZEOF (.CPU1.bss)
                0x0000000080001058        0x4 LONG 0x70000c98 (0x0 + ADDR (.CPU0.zbss))
                0x000000008000105c        0x4 LONG 0x0 SIZEOF (.CPU0.zbss)
                0x0000000080001060        0x4 LONG 0x70000c98 (0x0 + ADDR (.CPU0.bss))
                0x0000000080001064        0x4 LONG 0x0 SIZEOF (.CPU0.bss)
                0x0000000080001068        0x4 LONG 0x70000000 (0x0 + ADDR (.zbss))
                0x000000008000106c        0x4 LONG 0x0 SIZEOF (.zbss)
                0x0000000080001070        0x4 LONG 0x70000000 (0x0 + ADDR (.sbss))
                0x0000000080001074        0x4 LONG 0x0 SIZEOF (.sbss)
                0x0000000080001078        0x4 LONG 0x70000938 (0x0 + ADDR (.bss))
                0x000000008000107c        0x4 LONG 0x360 SIZEOF (.bss)
                0x0000000080001080        0x4 LONG 0xb0000000 (0x0 + ADDR (.lmu_zbss))
                0x0000000080001084        0x4 LONG 0x0 SIZEOF (.lmu_zbss)
                0x0000000080001088        0x4 LONG 0xb0000000 (0x0 + ADDR (.lmu_sbss))
                0x000000008000108c        0x4 LONG 0x0 SIZEOF (.lmu_sbss)
                0x0000000080001090        0x4 LONG 0xb0000000 (0x0 + ADDR (.lmu_bss))
                0x0000000080001094        0x4 LONG 0x0 SIZEOF (.lmu_bss)
                0x0000000080001098        0x4 LONG 0xffffffffffffffff
                0x000000008000109c        0x4 LONG 0xffffffffffffffff
                0x00000000800010a0                PROVIDE (__copy_table, .)
                0x00000000800010a0        0x4 LONG 0x8000ef00 LOADADDR (.CPU2.zdata)
                0x00000000800010a4        0x4 LONG 0x50000000 ADDR (.CPU2.zdata)
                0x00000000800010a8        0x4 LONG 0x0 SIZEOF (.CPU2.zdata)
                0x00000000800010ac        0x4 LONG 0x8000ef00 LOADADDR (.CPU2.data)
                0x00000000800010b0        0x4 LONG 0x50000000 ADDR (.CPU2.data)
                0x00000000800010b4        0x4 LONG 0x0 SIZEOF (.CPU2.data)
                0x00000000800010b8        0x4 LONG 0x8000ef00 LOADADDR (.CPU1.zdata)
                0x00000000800010bc        0x4 LONG 0x60000000 ADDR (.CPU1.zdata)
                0x00000000800010c0        0x4 LONG 0x0 SIZEOF (.CPU1.zdata)
                0x00000000800010c4        0x4 LONG 0x8000ef00 LOADADDR (.CPU1.data)
                0x00000000800010c8        0x4 LONG 0x60000000 ADDR (.CPU1.data)
                0x00000000800010cc        0x4 LONG 0x0 SIZEOF (.CPU1.data)
                0x00000000800010d0        0x4 LONG 0x8000ef00 LOADADDR (.CPU0.zdata)
                0x00000000800010d4        0x4 LONG 0x70000c98 ADDR (.CPU0.zdata)
                0x00000000800010d8        0x4 LONG 0x0 SIZEOF (.CPU0.zdata)
                0x00000000800010dc        0x4 LONG 0x8000ef00 LOADADDR (.CPU0.data)
                0x00000000800010e0        0x4 LONG 0x70000c98 ADDR (.CPU0.data)
                0x00000000800010e4        0x4 LONG 0x0 SIZEOF (.CPU0.data)
                0x00000000800010e8        0x4 LONG 0x8000e5c8 LOADADDR (.zdata)
                0x00000000800010ec        0x4 LONG 0x70000000 ADDR (.zdata)
                0x00000000800010f0        0x4 LONG 0x0 SIZEOF (.zdata)
                0x00000000800010f4        0x4 LONG 0x8000e5c8 LOADADDR (.sdata)
                0x00000000800010f8        0x4 LONG 0x70000000 ADDR (.sdata)
                0x00000000800010fc        0x4 LONG 0x0 SIZEOF (.sdata)
                0x0000000080001100        0x4 LONG 0x8000e5c8 LOADADDR (.data)
                0x0000000080001104        0x4 LONG 0x70000000 ADDR (.data)
                0x0000000080001108        0x4 LONG 0x938 SIZEOF (.data)
                0x000000008000110c        0x4 LONG 0x8000ef00 LOADADDR (.lmu_zdata)
                0x0000000080001110        0x4 LONG 0xb0000000 ADDR (.lmu_zdata)
                0x0000000080001114        0x4 LONG 0x0 SIZEOF (.lmu_zdata)
                0x0000000080001118        0x4 LONG 0x8000ef00 LOADADDR (.lmu_sdata)
                0x000000008000111c        0x4 LONG 0xb0000000 ADDR (.lmu_sdata)
                0x0000000080001120        0x4 LONG 0x0 SIZEOF (.lmu_sdata)
                0x0000000080001124        0x4 LONG 0x8000ef00 LOADADDR (.lmu_data)
                0x0000000080001128        0x4 LONG 0xb0000000 ADDR (.lmu_data)
                0x000000008000112c        0x4 LONG 0x0 SIZEOF (.lmu_data)
                0x0000000080001130        0x4 LONG 0x8000ef00 LOADADDR (.CPU0.psram_text)
                0x0000000080001134        0x4 LONG 0x70100000 ADDR (.CPU0.psram_text)
                0x0000000080001138        0x4 LONG 0x0 SIZEOF (.CPU0.psram_text)
                0x000000008000113c        0x4 LONG 0x8000ef00 LOADADDR (.CPU1.psram_text)
                0x0000000080001140        0x4 LONG 0x60100000 ADDR (.CPU1.psram_text)
                0x0000000080001144        0x4 LONG 0x0 SIZEOF (.CPU1.psram_text)
                0x0000000080001148        0x4 LONG 0x8000ef00 LOADADDR (.CPU2.psram_text)
                0x000000008000114c        0x4 LONG 0x50100000 ADDR (.CPU2.psram_text)
                0x0000000080001150        0x4 LONG 0x0 SIZEOF (.CPU2.psram_text)
                0x0000000080001154        0x4 LONG 0xffffffffffffffff
                0x0000000080001158        0x4 LONG 0xffffffffffffffff
                0x000000008000115c        0x4 LONG 0xffffffffffffffff
                0x0000000080001160                . = ALIGN (0x8)

.traptab        memory region -> PMU_PFLASH
                0x0000000080001200      0x100
 *(.traptab)
 *(.traptab*)
 .traptab_cpu0  0x0000000080001200      0x100 C:\Users\USER\Desktop\WORKSP~1\TUNNEL~1\TC275\erika\lib\libee.a(ee_tc_trapvec.c.o)
                0x0000000080001200                osEE_tc_trap_mmu
                0x0000000080001200                __TRAPTAB
                0x0000000080001220                osEE_tc_trap_protection
                0x0000000080001240                osEE_tc_trap_instruction
                0x0000000080001260                osEE_tc_trap_context
                0x0000000080001280                osEE_tc_trap_bus
                0x00000000800012a0                osEE_tc_trap_assertion
                0x00000000800012c0                osEE_tc_trap_system
                0x00000000800012e0                osEE_tc_trap_nmi
                0x0000000080001300                . = ALIGN (0x8)

.eh_frame       memory region -> PMU_PFLASH
                0x0000000080001300        0x0
 *(.gcc_except_table)
                0x0000000080001300                __EH_FRAME_BEGIN__ = .
 *(.eh_frame)
                0x0000000080001300                __EH_FRAME_END__ = .
 *(.jcr)
                0x0000000080001300                . = ALIGN (0x8)

.ctors          memory region -> PMU_PFLASH
                0x0000000080001300        0x8
                0x0000000080001300                __CTOR_LIST__ = .
                0x0000000080001300        0x4 LONG 0x0 (((__CTOR_END__ - __CTOR_LIST__) / 0x4) - 0x2)
 *(.ctors)
                0x0000000080001304        0x4 LONG 0x0
                0x0000000080001308                __CTOR_END__ = .
                0x0000000080001308                . = ALIGN (0x8)

.dtors          memory region -> PMU_PFLASH
                0x0000000080001308        0x8
                0x0000000080001308                __DTOR_LIST__ = .
                0x0000000080001308        0x4 LONG 0x0 (((__DTOR_END__ - __DTOR_LIST__) / 0x4) - 0x2)
 *(.dtors)
                0x000000008000130c        0x4 LONG 0x0
                0x0000000080001310                __DTOR_END__ = .
                0x0000000080001310                . = ALIGN (0x8)

.inttab_cpu0    memory region -> PMU_PFLASH
                0x0000000080002000     0x2000
 *(.inttab_cpu0)
 .inttab_cpu0   0x0000000080002000     0x2000 C:\Users\USER\Desktop\WORKSP~1\TUNNEL~1\TC275\erika\lib\libee.a(ee_tc_intvec.c.o)
                0x0000000080002000                __INTTAB0
                0x0000000080002020                osEE_tc_isr_dummy_entry_1
                0x0000000080002040                osEE_tc_isr2_entry_2
                0x0000000080002060                osEE_tc_isr_dummy_entry_3
                0x0000000080002080                osEE_tc_isr_dummy_entry_4
                0x00000000800020a0                osEE_tc_isr_dummy_entry_5
                0x00000000800020c0                osEE_tc_isr_dummy_entry_6
                0x00000000800020e0                osEE_tc_isr_dummy_entry_7
                0x0000000080002100                osEE_tc_isr_dummy_entry_8
                0x0000000080002120                osEE_tc_isr_dummy_entry_9
                0x0000000080002140                osEE_tc_isr2_entry_10
                0x0000000080002160                osEE_tc_isr_dummy_entry_11
                0x0000000080002180                osEE_tc_isr_dummy_entry_12
                0x00000000800021a0                osEE_tc_isr_dummy_entry_13
                0x00000000800021c0                osEE_tc_isr_dummy_entry_14
                0x00000000800021e0                osEE_tc_isr_dummy_entry_15
                0x0000000080002200                osEE_tc_isr_dummy_entry_16
                0x0000000080002220                osEE_tc_isr_dummy_entry_17
                0x0000000080002240                osEE_tc_isr_dummy_entry_18
                0x0000000080002260                osEE_tc_isr2_entry_19
                0x0000000080002280                osEE_tc_isr_dummy_entry_20
                0x00000000800022a0                osEE_tc_isr_dummy_entry_21
                0x00000000800022c0                osEE_tc_isr_dummy_entry_22
                0x00000000800022e0                osEE_tc_isr_dummy_entry_23
                0x0000000080002300                osEE_tc_isr_dummy_entry_24
                0x0000000080002320                osEE_tc_isr_dummy_entry_25
                0x0000000080002340                osEE_tc_isr_dummy_entry_26
                0x0000000080002360                osEE_tc_isr_dummy_entry_27
                0x0000000080002380                osEE_tc_isr_dummy_entry_28
                0x00000000800023a0                osEE_tc_isr_dummy_entry_29
                0x00000000800023c0                osEE_tc_isr_dummy_entry_30
                0x00000000800023e0                osEE_tc_isr_dummy_entry_31
                0x0000000080002400                osEE_tc_isr_dummy_entry_32
                0x0000000080002420                osEE_tc_isr_dummy_entry_33
                0x0000000080002440                osEE_tc_isr_dummy_entry_34
                0x0000000080002460                osEE_tc_isr_dummy_entry_35
                0x0000000080002480                osEE_tc_isr_dummy_entry_36
                0x00000000800024a0                osEE_tc_isr_dummy_entry_37
                0x00000000800024c0                osEE_tc_isr_dummy_entry_38
                0x00000000800024e0                osEE_tc_isr_dummy_entry_39
                0x0000000080002500                osEE_tc_isr_dummy_entry_40
                0x0000000080002520                osEE_tc_isr_dummy_entry_41
                0x0000000080002540                osEE_tc_isr_dummy_entry_42
                0x0000000080002560                osEE_tc_isr_dummy_entry_43
                0x0000000080002580                osEE_tc_isr_dummy_entry_44
                0x00000000800025a0                osEE_tc_isr_dummy_entry_45
                0x00000000800025c0                osEE_tc_isr_dummy_entry_46
                0x00000000800025e0                osEE_tc_isr_dummy_entry_47
                0x0000000080002600                osEE_tc_isr_dummy_entry_48
                0x0000000080002620                osEE_tc_isr_dummy_entry_49
                0x0000000080002640                osEE_tc_isr_dummy_entry_50
                0x0000000080002660                osEE_tc_isr_dummy_entry_51
                0x0000000080002680                osEE_tc_isr_dummy_entry_52
                0x00000000800026a0                osEE_tc_isr_dummy_entry_53
                0x00000000800026c0                osEE_tc_isr_dummy_entry_54
                0x00000000800026e0                osEE_tc_isr_dummy_entry_55
                0x0000000080002700                osEE_tc_isr_dummy_entry_56
                0x0000000080002720                osEE_tc_isr_dummy_entry_57
                0x0000000080002740                osEE_tc_isr_dummy_entry_58
                0x0000000080002760                osEE_tc_isr_dummy_entry_59
                0x0000000080002780                osEE_tc_isr_dummy_entry_60
                0x00000000800027a0                osEE_tc_isr_dummy_entry_61
                0x00000000800027c0                osEE_tc_isr_dummy_entry_62
                0x00000000800027e0                osEE_tc_isr_dummy_entry_63
                0x0000000080002800                osEE_tc_isr_dummy_entry_64
                0x0000000080002820                osEE_tc_isr_dummy_entry_65
                0x0000000080002840                osEE_tc_isr_dummy_entry_66
                0x0000000080002860                osEE_tc_isr_dummy_entry_67
                0x0000000080002880                osEE_tc_isr_dummy_entry_68
                0x00000000800028a0                osEE_tc_isr_dummy_entry_69
                0x00000000800028c0                osEE_tc_isr_dummy_entry_70
                0x00000000800028e0                osEE_tc_isr_dummy_entry_71
                0x0000000080002900                osEE_tc_isr_dummy_entry_72
                0x0000000080002920                osEE_tc_isr_dummy_entry_73
                0x0000000080002940                osEE_tc_isr_dummy_entry_74
                0x0000000080002960                osEE_tc_isr_dummy_entry_75
                0x0000000080002980                osEE_tc_isr_dummy_entry_76
                0x00000000800029a0                osEE_tc_isr_dummy_entry_77
                0x00000000800029c0                osEE_tc_isr_dummy_entry_78
                0x00000000800029e0                osEE_tc_isr_dummy_entry_79
                0x0000000080002a00                osEE_tc_isr_dummy_entry_80
                0x0000000080002a20                osEE_tc_isr_dummy_entry_81
                0x0000000080002a40                osEE_tc_isr_dummy_entry_82
                0x0000000080002a60                osEE_tc_isr_dummy_entry_83
                0x0000000080002a80                osEE_tc_isr_dummy_entry_84
                0x0000000080002aa0                osEE_tc_isr_dummy_entry_85
                0x0000000080002ac0                osEE_tc_isr_dummy_entry_86
                0x0000000080002ae0                osEE_tc_isr_dummy_entry_87
                0x0000000080002b00                osEE_tc_isr_dummy_entry_88
                0x0000000080002b20                osEE_tc_isr_dummy_entry_89
                0x0000000080002b40                osEE_tc_isr_dummy_entry_90
                0x0000000080002b60                osEE_tc_isr_dummy_entry_91
                0x0000000080002b80                osEE_tc_isr_dummy_entry_92
                0x0000000080002ba0                osEE_tc_isr_dummy_entry_93
                0x0000000080002bc0                osEE_tc_isr_dummy_entry_94
                0x0000000080002be0                osEE_tc_isr_dummy_entry_95
                0x0000000080002c00                osEE_tc_isr_dummy_entry_96
                0x0000000080002c20                osEE_tc_isr_dummy_entry_97
                0x0000000080002c40                osEE_tc_isr_dummy_entry_98
                0x0000000080002c60                osEE_tc_isr_dummy_entry_99
                0x0000000080002c80                osEE_tc_isr_dummy_entry_100
                0x0000000080002ca0                osEE_tc_isr_dummy_entry_101
                0x0000000080002cc0                osEE_tc_isr_dummy_entry_102
                0x0000000080002ce0                osEE_tc_isr_dummy_entry_103
                0x0000000080002d00                osEE_tc_isr_dummy_entry_104
                0x0000000080002d20                osEE_tc_isr_dummy_entry_105
                0x0000000080002d40                osEE_tc_isr_dummy_entry_106
                0x0000000080002d60                osEE_tc_isr_dummy_entry_107
                0x0000000080002d80                osEE_tc_isr_dummy_entry_108
                0x0000000080002da0                osEE_tc_isr_dummy_entry_109
                0x0000000080002dc0                osEE_tc_isr_dummy_entry_110
                0x0000000080002de0                osEE_tc_isr_dummy_entry_111
                0x0000000080002e00                osEE_tc_isr_dummy_entry_112
                0x0000000080002e20                osEE_tc_isr_dummy_entry_113
                0x0000000080002e40                osEE_tc_isr_dummy_entry_114
                0x0000000080002e60                osEE_tc_isr_dummy_entry_115
                0x0000000080002e80                osEE_tc_isr_dummy_entry_116
                0x0000000080002ea0                osEE_tc_isr_dummy_entry_117
                0x0000000080002ec0                osEE_tc_isr_dummy_entry_118
                0x0000000080002ee0                osEE_tc_isr_dummy_entry_119
                0x0000000080002f00                osEE_tc_isr_dummy_entry_120
                0x0000000080002f20                osEE_tc_isr_dummy_entry_121
                0x0000000080002f40                osEE_tc_isr_dummy_entry_122
                0x0000000080002f60                osEE_tc_isr_dummy_entry_123
                0x0000000080002f80                osEE_tc_isr_dummy_entry_124
                0x0000000080002fa0                osEE_tc_isr_dummy_entry_125
                0x0000000080002fc0                osEE_tc_isr_dummy_entry_126
                0x0000000080002fe0                osEE_tc_isr_dummy_entry_127
                0x0000000080003000                osEE_tc_isr_dummy_entry_128
                0x0000000080003020                osEE_tc_isr_dummy_entry_129
                0x0000000080003040                osEE_tc_isr_dummy_entry_130
                0x0000000080003060                osEE_tc_isr_dummy_entry_131
                0x0000000080003080                osEE_tc_isr_dummy_entry_132
                0x00000000800030a0                osEE_tc_isr_dummy_entry_133
                0x00000000800030c0                osEE_tc_isr_dummy_entry_134
                0x00000000800030e0                osEE_tc_isr_dummy_entry_135
                0x0000000080003100                osEE_tc_isr_dummy_entry_136
                0x0000000080003120                osEE_tc_isr_dummy_entry_137
                0x0000000080003140                osEE_tc_isr_dummy_entry_138
                0x0000000080003160                osEE_tc_isr_dummy_entry_139
                0x0000000080003180                osEE_tc_isr_dummy_entry_140
                0x00000000800031a0                osEE_tc_isr_dummy_entry_141
                0x00000000800031c0                osEE_tc_isr_dummy_entry_142
                0x00000000800031e0                osEE_tc_isr_dummy_entry_143
                0x0000000080003200                osEE_tc_isr_dummy_entry_144
                0x0000000080003220                osEE_tc_isr_dummy_entry_145
                0x0000000080003240                osEE_tc_isr_dummy_entry_146
                0x0000000080003260                osEE_tc_isr_dummy_entry_147
                0x0000000080003280                osEE_tc_isr_dummy_entry_148
                0x00000000800032a0                osEE_tc_isr_dummy_entry_149
                0x00000000800032c0                osEE_tc_isr_dummy_entry_150
                0x00000000800032e0                osEE_tc_isr_dummy_entry_151
                0x0000000080003300                osEE_tc_isr_dummy_entry_152
                0x0000000080003320                osEE_tc_isr_dummy_entry_153
                0x0000000080003340                osEE_tc_isr_dummy_entry_154
                0x0000000080003360                osEE_tc_isr_dummy_entry_155
                0x0000000080003380                osEE_tc_isr_dummy_entry_156
                0x00000000800033a0                osEE_tc_isr_dummy_entry_157
                0x00000000800033c0                osEE_tc_isr_dummy_entry_158
                0x00000000800033e0                osEE_tc_isr_dummy_entry_159
                0x0000000080003400                osEE_tc_isr_dummy_entry_160
                0x0000000080003420                osEE_tc_isr_dummy_entry_161
                0x0000000080003440                osEE_tc_isr_dummy_entry_162
                0x0000000080003460                osEE_tc_isr_dummy_entry_163
                0x0000000080003480                osEE_tc_isr_dummy_entry_164
                0x00000000800034a0                osEE_tc_isr_dummy_entry_165
                0x00000000800034c0                osEE_tc_isr_dummy_entry_166
                0x00000000800034e0                osEE_tc_isr_dummy_entry_167
                0x0000000080003500                osEE_tc_isr_dummy_entry_168
                0x0000000080003520                osEE_tc_isr_dummy_entry_169
                0x0000000080003540                osEE_tc_isr_dummy_entry_170
                0x0000000080003560                osEE_tc_isr_dummy_entry_171
                0x0000000080003580                osEE_tc_isr_dummy_entry_172
                0x00000000800035a0                osEE_tc_isr_dummy_entry_173
                0x00000000800035c0                osEE_tc_isr_dummy_entry_174
                0x00000000800035e0                osEE_tc_isr_dummy_entry_175
                0x0000000080003600                osEE_tc_isr_dummy_entry_176
                0x0000000080003620                osEE_tc_isr_dummy_entry_177
                0x0000000080003640                osEE_tc_isr_dummy_entry_178
                0x0000000080003660                osEE_tc_isr_dummy_entry_179
                0x0000000080003680                osEE_tc_isr_dummy_entry_180
                0x00000000800036a0                osEE_tc_isr_dummy_entry_181
                0x00000000800036c0                osEE_tc_isr_dummy_entry_182
                0x00000000800036e0                osEE_tc_isr_dummy_entry_183
                0x0000000080003700                osEE_tc_isr_dummy_entry_184
                0x0000000080003720                osEE_tc_isr_dummy_entry_185
                0x0000000080003740                osEE_tc_isr_dummy_entry_186
                0x0000000080003760                osEE_tc_isr_dummy_entry_187
                0x0000000080003780                osEE_tc_isr_dummy_entry_188
                0x00000000800037a0                osEE_tc_isr_dummy_entry_189
                0x00000000800037c0                osEE_tc_isr_dummy_entry_190
                0x00000000800037e0                osEE_tc_isr_dummy_entry_191
                0x0000000080003800                osEE_tc_isr_dummy_entry_192
                0x0000000080003820                osEE_tc_isr_dummy_entry_193
                0x0000000080003840                osEE_tc_isr_dummy_entry_194
                0x0000000080003860                osEE_tc_isr_dummy_entry_195
                0x0000000080003880                osEE_tc_isr_dummy_entry_196
                0x00000000800038a0                osEE_tc_isr_dummy_entry_197
                0x00000000800038c0                osEE_tc_isr_dummy_entry_198
                0x00000000800038e0                osEE_tc_isr_dummy_entry_199
                0x0000000080003900                osEE_tc_isr_dummy_entry_200
                0x0000000080003920                osEE_tc_isr_dummy_entry_201
                0x0000000080003940                osEE_tc_isr_dummy_entry_202
                0x0000000080003960                osEE_tc_isr_dummy_entry_203
                0x0000000080003980                osEE_tc_isr_dummy_entry_204
                0x00000000800039a0                osEE_tc_isr_dummy_entry_205
                0x00000000800039c0                osEE_tc_isr_dummy_entry_206
                0x00000000800039e0                osEE_tc_isr_dummy_entry_207
                0x0000000080003a00                osEE_tc_isr_dummy_entry_208
                0x0000000080003a20                osEE_tc_isr_dummy_entry_209
                0x0000000080003a40                osEE_tc_isr_dummy_entry_210
                0x0000000080003a60                osEE_tc_isr_dummy_entry_211
                0x0000000080003a80                osEE_tc_isr_dummy_entry_212
                0x0000000080003aa0                osEE_tc_isr_dummy_entry_213
                0x0000000080003ac0                osEE_tc_isr_dummy_entry_214
                0x0000000080003ae0                osEE_tc_isr_dummy_entry_215
                0x0000000080003b00                osEE_tc_isr_dummy_entry_216
                0x0000000080003b20                osEE_tc_isr_dummy_entry_217
                0x0000000080003b40                osEE_tc_isr_dummy_entry_218
                0x0000000080003b60                osEE_tc_isr_dummy_entry_219
                0x0000000080003b80                osEE_tc_isr_dummy_entry_220
                0x0000000080003ba0                osEE_tc_isr_dummy_entry_221
                0x0000000080003bc0                osEE_tc_isr_dummy_entry_222
                0x0000000080003be0                osEE_tc_isr_dummy_entry_223
                0x0000000080003c00                osEE_tc_isr_dummy_entry_224
                0x0000000080003c20                osEE_tc_isr_dummy_entry_225
                0x0000000080003c40                osEE_tc_isr_dummy_entry_226
                0x0000000080003c60                osEE_tc_isr_dummy_entry_227
                0x0000000080003c80                osEE_tc_isr_dummy_entry_228
                0x0000000080003ca0                osEE_tc_isr_dummy_entry_229
                0x0000000080003cc0                osEE_tc_isr_dummy_entry_230
                0x0000000080003ce0                osEE_tc_isr_dummy_entry_231
                0x0000000080003d00                osEE_tc_isr_dummy_entry_232
                0x0000000080003d20                osEE_tc_isr_dummy_entry_233
                0x0000000080003d40                osEE_tc_isr_dummy_entry_234
                0x0000000080003d60                osEE_tc_isr_dummy_entry_235
                0x0000000080003d80                osEE_tc_isr_dummy_entry_236
                0x0000000080003da0                osEE_tc_isr_dummy_entry_237
                0x0000000080003dc0                osEE_tc_isr_dummy_entry_238
                0x0000000080003de0                osEE_tc_isr_dummy_entry_239
                0x0000000080003e00                osEE_tc_isr_dummy_entry_240
                0x0000000080003e20                osEE_tc_isr_dummy_entry_241
                0x0000000080003e40                osEE_tc_isr_dummy_entry_242
                0x0000000080003e60                osEE_tc_isr_dummy_entry_243
                0x0000000080003e80                osEE_tc_isr_dummy_entry_244
                0x0000000080003ea0                osEE_tc_isr_dummy_entry_245
                0x0000000080003ec0                osEE_tc_isr_dummy_entry_246
                0x0000000080003ee0                osEE_tc_isr_dummy_entry_247
                0x0000000080003f00                osEE_tc_isr_dummy_entry_248
                0x0000000080003f20                osEE_tc_isr_dummy_entry_249
                0x0000000080003f40                osEE_tc_isr_dummy_entry_250
                0x0000000080003f60                osEE_tc_isr_dummy_entry_251
                0x0000000080003f80                osEE_tc_isr_dummy_entry_252
                0x0000000080003fa0                osEE_tc_isr_dummy_entry_253
                0x0000000080003fc0                osEE_tc_isr_dummy_entry_254
                0x0000000080003fe0                osEE_tc_isr_dummy_entry_255
 *(.*.inttab_cpu0)
                0x0000000080004000                . = ALIGN (0x8)

.text           memory region -> PMU_PFLASH
                0x0000000080004000     0xa5c8
                0x0000000080004000                PROVIDE (__text_start, .)
 *(.text)
 .text          0x0000000080004000       0x4e obj/Button_Driver.c.o
                0x0000000080004000                readLcdButtons
 .text          0x000000008000404e      0x19e obj/Lcd_Driver.c.o
                0x00000000800040ce                lcd_clear
                0x00000000800040d8                lcd_init
                0x00000000800041a8                lcd_goto
                0x00000000800041b6                lcd_print
 .text          0x00000000800041ec       0xb2 obj/asw.c.o
                0x00000000800041ec                FuncTask1
                0x0000000080004210                FuncTaskLCD
                0x0000000080004214                FuncTaskUltrasonic
                0x0000000080004216                ButtonISR
                0x0000000080004244                TimerISR
 .text          0x000000008000429e      0x3e4 obj/bsw.c.o
                0x000000008000429e                UART_init
                0x0000000080004310                printfSerial
                0x000000008000437e                mdelay
                0x0000000080004466                initVADCModule
                0x0000000080004484                initVADCGroup
                0x00000000800044b6                initVADCChannels
                0x0000000080004534                initADC
                0x0000000080004556                readADCValue
                0x000000008000457c                initPeripheralsAndERU
                0x000000008000461e                asclin0TxISR
                0x000000008000462a                main
 *fill*         0x0000000080004682        0x2 00
 .text          0x0000000080004684      0x5d4 obj/illd/Libraries/iLLD/TC27D/Tricore/Vadc/std/IfxVadc.c.o
                0x0000000080004684                IfxVadc_disableAccess
                0x00000000800046bc                IfxVadc_enableAccess
                0x00000000800046f4                IfxVadc_configExternalMultiplexerMode
                0x000000008000473a                IfxVadc_disablePostCalibration
                0x0000000080004776                IfxVadc_enableGroupSync
                0x0000000080004820                IfxVadc_getAdcAnalogFrequency
                0x0000000080004838                IfxVadc_getAdcDigitalFrequency
                0x0000000080004852                IfxVadc_getAdcModuleFrequency
                0x0000000080004856                IfxVadc_getBackgroundScanStatus
                0x0000000080004870                IfxVadc_getQueueStatus
                0x0000000080004880                IfxVadc_getResultBasedOnRequestSource
                0x0000000080004914                IfxVadc_getScanStatus
                0x000000008000491e                IfxVadc_getSrcAddress
                0x0000000080004946                IfxVadc_initialiseAdcArbiterClock
                0x000000008000496a                IfxVadc_initialiseAdcConverterClock
                0x000000008000498e                IfxVadc_initializeFAdcD
                0x00000000800049b8                IfxVadc_initializeFAdcI
                0x0000000080004a1e                IfxVadc_isPostCalibration
                0x0000000080004a88                IfxVadc_getChannelConversionTime
                0x0000000080004b32                IfxVadc_resetKernel
                0x0000000080004b84                IfxVadc_selectPowerSupplyVoltage
                0x0000000080004ba8                IfxVadc_setArbiterPriority
                0x0000000080004bfe                IfxVadc_setScan
                0x0000000080004c12                IfxVadc_startupCalibration
 .text          0x0000000080004c58      0x450 obj/illd/src/IfxAsclin.c.o
                0x0000000080004c58                IfxAsclin_disableModule
                0x0000000080004c74                IfxAsclin_enableAscErrorFlags
                0x0000000080004ca2                IfxAsclin_enableModule
                0x0000000080004cbe                IfxAsclin_getAddress
                0x0000000080004cd4                IfxAsclin_getFaFrequency
                0x0000000080004d48                IfxAsclin_getIndex
                0x0000000080004d6a                IfxAsclin_getPdFrequency
                0x0000000080004d82                IfxAsclin_getOvsFrequency
                0x0000000080004da6                IfxAsclin_getShiftFrequency
                0x0000000080004dbc                IfxAsclin_getSrcPointerEr
                0x0000000080004dd0                IfxAsclin_getSrcPointerRx
                0x0000000080004de4                IfxAsclin_getSrcPointerTx
                0x0000000080004df8                IfxAsclin_read16
                0x0000000080004e0a                IfxAsclin_read32
                0x0000000080004e1c                IfxAsclin_read8
                0x0000000080004e2e                IfxAsclin_resetModule
                0x0000000080004e7a                IfxAsclin_setClockSource
                0x0000000080004e9c                IfxAsclin_setBaudrateBitFields
                0x0000000080004eee                IfxAsclin_setBitTiming
                0x0000000080005070                IfxAsclin_write16
                0x0000000080005084                IfxAsclin_write32
                0x0000000080005096                IfxAsclin_write8
 .text          0x00000000800050a8      0x8d0 obj/illd/src/IfxAsclin_Asc.c.o
                0x00000000800050a8                IfxAsclin_Asc_getReadCount
                0x00000000800050ae                IfxAsclin_Asc_getReadEvent
                0x00000000800050b8                IfxAsclin_Asc_getSendCount
                0x00000000800050be                IfxAsclin_Asc_getTxTimeStamp
                0x00000000800050c4                IfxAsclin_Asc_getWriteCount
                0x00000000800050d2                IfxAsclin_Asc_getWriteEvent
                0x00000000800050dc                IfxAsclin_Asc_isrError
                0x000000008000514e                IfxAsclin_Asc_resetSendCount
                0x0000000080005154                IfxAsclin_Asc_canReadCount
                0x000000008000515c                IfxAsclin_Asc_flushTx
                0x00000000800051f8                IfxAsclin_Asc_canWriteCount
                0x0000000080005200                IfxAsclin_Asc_clearRx
                0x0000000080005210                IfxAsclin_Asc_clearTx
                0x0000000080005224                IfxAsclin_Asc_read
                0x0000000080005240                IfxAsclin_Asc_isrTransmit
                0x00000000800052de                IfxAsclin_Asc_isrReceive
                0x0000000080005374                IfxAsclin_Asc_blockingRead
                0x000000008000539a                IfxAsclin_Asc_disableModule
                0x00000000800053b6                IfxAsclin_Asc_initModule
                0x0000000080005764                IfxAsclin_Asc_initModuleConfig
                0x00000000800057ec                IfxAsclin_Asc_initiateTransmission
                0x0000000080005834                IfxAsclin_Asc_write
                0x0000000080005896                IfxAsclin_Asc_blockingWrite
                0x00000000800058b2                IfxAsclin_Asc_stdIfDPipeInit
 .text          0x0000000080005978      0x40e obj/illd/src/IfxPort.c.o
                0x0000000080005978                IfxPort_getAddress
                0x00000000800059a8                IfxPort_getIndex
                0x00000000800059ca                IfxPort_resetESR
                0x00000000800059f2                IfxPort_disableEmergencyStop
                0x0000000080005a22                IfxPort_setESR
                0x0000000080005a4c                IfxPort_enableEmergencyStop
                0x0000000080005a88                IfxPort_setGroupModeInput
                0x0000000080005b18                IfxPort_setGroupModeOutput
                0x0000000080005baa                IfxPort_setGroupPadDriver
                0x0000000080005c4e                IfxPort_setPinMode
                0x0000000080005ca4                IfxPort_setPinModeLvdsHigh
                0x0000000080005d08                IfxPort_setPinModeLvdsMedium
                0x0000000080005d4a                IfxPort_setPinPadDriver
 *fill*         0x0000000080005d86        0x2 00
 .text          0x0000000080005d88      0xf70 obj/illd/src/IfxScuCcu.c.o
                0x0000000080005d88                IfxScuCcu_calculateSysPllDividers
                0x0000000080005e80                IfxScuCcu_getOsc0Frequency
                0x0000000080005e8e                IfxScuCcu_getOscFrequency
                0x0000000080005ebe                IfxScuCcu_getPllErayFrequency
                0x0000000080005f22                IfxScuCcu_getPllErayVcoFrequency
                0x0000000080005f66                IfxScuCcu_getPllFrequency
                0x0000000080005fd8                IfxScuCcu_getPllVcoFrequency
                0x000000008000601c                IfxScuCcu_getSourceFrequency
                0x0000000080006074                IfxScuCcu_getBbbFrequency
                0x00000000800060ec                IfxScuCcu_getMaxFrequency
                0x000000008000615c                IfxScuCcu_getBaud1Frequency
                0x000000008000617c                IfxScuCcu_getBaud2Frequency
                0x000000008000619e                IfxScuCcu_getSpbFrequency
                0x0000000080006216                IfxScuCcu_getModuleFrequency
                0x0000000080006260                IfxScuCcu_getSriFrequency
                0x00000000800062da                IfxScuCcu_getCpuFrequency
                0x000000008000631c                IfxScuCcu_getFsi2Frequency
                0x0000000080006352                IfxScuCcu_getFsiFrequency
                0x0000000080006388                IfxScuCcu_init
                0x0000000080006746                IfxScuCcu_initConfig
                0x000000008000675a                IfxScuCcu_initErayPll
                0x00000000800068fc                IfxScuCcu_initErayPllConfig
                0x000000008000690e                IfxScuCcu_setCpuFrequency
                0x0000000080006984                IfxScuCcu_setGtmFrequency
                0x0000000080006a12                IfxScuCcu_setPll2ErayFrequency
                0x0000000080006a62                IfxScuCcu_setPll2Frequency
                0x0000000080006ab2                IfxScuCcu_setSpbFrequency
                0x0000000080006b66                IfxScuCcu_setSriFrequency
                0x0000000080006be6                IfxScuCcu_switchToBackupClock
 .text          0x0000000080006cf8      0x356 obj/illd/src/IfxScuEru.c.o
                0x0000000080006cf8                IfxScuEru_clearAllEventFlags
                0x0000000080006d0a                IfxScuEru_clearEventFlag
                0x0000000080006d20                IfxScuEru_clearInputChannelConfiguration
                0x0000000080006d48                IfxScuEru_clearOutputChannelConfiguration
                0x0000000080006d70                IfxScuEru_connectTrigger
                0x0000000080006da6                IfxScuEru_disableAutoClear
                0x0000000080006dcc                IfxScuEru_disableFallingEdgeDetection
                0x0000000080006df2                IfxScuEru_disablePatternDetectionTrigger
                0x0000000080006e18                IfxScuEru_disableRisingEdgeDetection
                0x0000000080006e3e                IfxScuEru_disableTriggerPulse
                0x0000000080006e64                IfxScuEru_enableAutoClear
                0x0000000080006e8a                IfxScuEru_enableFallingEdgeDetection
                0x0000000080006eb0                IfxScuEru_enablePatternDetectionTrigger
                0x0000000080006ed6                IfxScuEru_enableRisingEdgeDetection
                0x0000000080006efc                IfxScuEru_enableTriggerPulse
                0x0000000080006f22                IfxScuEru_getAllEventFlagsStatus
                0x0000000080006f30                IfxScuEru_getEventFlagStatus
                0x0000000080006f42                IfxScuEru_getInputChannelConfiguration
                0x0000000080006f66                IfxScuEru_getOutputChannelConfiguration
                0x0000000080006f8a                IfxScuEru_getPatternDetectionResult
                0x0000000080006f9c                IfxScuEru_getWholePatternDetectionResult
                0x0000000080006faa                IfxScuEru_selectExternalInput
                0x0000000080006fde                IfxScuEru_setEventFlag
                0x0000000080006ff0                IfxScuEru_setFlagPatternDetection
                0x000000008000701c                IfxScuEru_setInterruptGatingPattern
 .text          0x000000008000704e      0x53a obj/illd/src/IfxScuWdt.c.o
                0x000000008000704e                IfxScuWdt_changeCpuWatchdogPassword
                0x0000000080007086                IfxScuWdt_changeCpuWatchdogReload
                0x00000000800070be                IfxScuWdt_changeSafetyWatchdogPassword
                0x00000000800070f2                IfxScuWdt_changeSafetyWatchdogReload
                0x0000000080007126                IfxScuWdt_clearCpuEndinit
                0x000000008000715c                IfxScuWdt_clearSafetyEndinit
                0x000000008000718e                IfxScuWdt_disableCpuWatchdog
                0x00000000800071e8                IfxScuWdt_disableSafetyWatchdog
                0x0000000080007258                IfxScuWdt_enableCpuWatchdog
                0x00000000800072b4                IfxScuWdt_enableSafetyWatchdog
                0x0000000080007326                IfxScuWdt_getCpuWatchdogPassword
                0x0000000080007346                IfxScuWdt_getCpuWatchdogEndInit
                0x0000000080007362                IfxScuWdt_getSafetyWatchdogPassword
                0x0000000080007376                IfxScuWdt_initConfig
                0x0000000080007390                IfxScuWdt_setCpuEndinit
                0x00000000800073c6                IfxScuWdt_initCpuWatchdog
                0x0000000080007464                IfxScuWdt_serviceCpuWatchdog
                0x0000000080007468                IfxScuWdt_setSafetyEndinit
                0x000000008000749a                IfxScuWdt_initSafetyWatchdog
                0x0000000080007544                IfxScuWdt_serviceSafetyWatchdog
                0x0000000080007548                IfxScuWdt_enableWatchdogWithDebugger
 .text          0x0000000080007588      0xb70 obj/illd/src/IfxVadc_Adc.c.o
                0x0000000080007588                IfxVadc_Adc_deInitGroup
                0x00000000800075ae                IfxVadc_Adc_disableModule
                0x00000000800075ca                IfxVadc_Adc_getChannelConfig
                0x00000000800076d2                IfxVadc_Adc_getChannelConversionTime
                0x000000008000770a                IfxVadc_Adc_getGroupConfig
                0x0000000080007948                IfxVadc_Adc_initChannel
                0x0000000080007b34                IfxVadc_Adc_initChannelConfig
                0x0000000080007b4a                IfxVadc_Adc_initGroup
                0x0000000080007ed4                IfxVadc_Adc_initGroupConfig
                0x0000000080007f02                IfxVadc_Adc_initModule
                0x0000000080007fea                IfxVadc_Adc_initModuleConfig
                0x0000000080008024                IfxVadc_Adc_initExternalMultiplexerModeConfig
                0x0000000080008066                IfxVadc_Adc_initExternalMultiplexerMode
 .text          0x00000000800080f8      0x1be obj/illd/src/Ifx_CircularBuffer.c.o
                0x00000000800080f8                Ifx_CircularBuffer_get32
                0x0000000080008118                Ifx_CircularBuffer_get16
                0x000000008000813a                Ifx_CircularBuffer_addDataIncr
                0x000000008000815a                Ifx_CircularBuffer_read8
                0x00000000800081b8                Ifx_CircularBuffer_read32
                0x0000000080008208                Ifx_CircularBuffer_write8
                0x0000000080008266                Ifx_CircularBuffer_write32
 .text          0x00000000800082b6      0x55c obj/illd/src/Ifx_Fifo.c.o
                0x00000000800082b6                Ifx_Fifo_destroy
                0x00000000800082ba                Ifx_Fifo_init
                0x00000000800082f4                Ifx_Fifo_create
                0x0000000080008316                Ifx_Fifo_canReadCount
                0x00000000800083f0                Ifx_Fifo_read
                0x0000000080008566                Ifx_Fifo_clear
                0x000000008000859c                Ifx_Fifo_canWriteCount
                0x000000008000868c                Ifx_Fifo_write
 *fill*         0x0000000080008812        0x2 00
 .text          0x0000000080008814      0x308 obj/infotainment_System.c.o
                0x0000000080008814                syncInfoState
                0x0000000080008816                updatePacket
                0x0000000080008818                printStateLv1
                0x0000000080008834                printStateLv2
                0x0000000080008850                printStateLv3
                0x000000008000886c                printStateLv4
                0x0000000080008888                printStateOn
                0x00000000800088a4                printStateOff
                0x00000000800088c0                printStateRed
                0x00000000800088dc                printStateGreen
                0x00000000800088f8                printStateBlue
                0x0000000080008914                printInfoDisplay
                0x0000000080008a76                initInfotainment
                0x0000000080008a7e                updateInfoState
 .text          0x0000000080008b1c        0x6 obj/photoresistor_Driver.c.o
                0x0000000080008b1c                getPhotoresiter
 .text          0x0000000080008b22      0x1e6 obj/ultrasonic_Driver.c.o
                0x0000000080008b22                initUltrasonic
                0x0000000080008b46                delay_ms
                0x0000000080008bb0                delay_us
                0x0000000080008c1e                sendTrigger
                0x0000000080008c3a                measureEchoTick
                0x0000000080008cce                getUltrasonic
                0x0000000080008cf2                calculateDistanceCm
 .text          0x0000000080008d08      0x46c C:\Users\USER\Desktop\WORKSP~1\TUNNEL~1\TC275\erika\lib\libee.a(ee_tc_cstart.c.o)
                0x0000000080008d08                osEE_tc_core0_start
 .text          0x0000000080009174      0x4d0 C:\Users\USER\Desktop\WORKSP~1\TUNNEL~1\TC275\erika\lib\libee.a(ee_tc_system.c.o)
                0x00000000800091c8                osEE_tc_set_pll_fsource
                0x00000000800093f6                osEE_tc_get_fsource
                0x000000008000949a                osEE_tc_stm_set_clockpersec
                0x00000000800094ce                osEE_tc_stm_set_sr0
                0x0000000080009552                osEE_tc_stm_set_sr0_next_match
                0x0000000080009570                osEE_tc_stm_set_sr1
                0x00000000800095fe                osEE_tc_stm_set_sr1_next_match
                0x000000008000961c                osEE_tc_delay
 .text          0x0000000080009644        0xe C:\Users\USER\Desktop\WORKSP~1\TUNNEL~1\TC275\erika\lib\libee.a(ee_tc_intvec.c.o)
 *fill*         0x0000000080009652        0x2 00
 .text          0x0000000080009654      0x8c4 C:\Users\USER\Desktop\WORKSP~1\TUNNEL~1\TC275\erika\lib\libee.a(ee_oo_api_osek.c.o)
                0x0000000080009672                DisableAllInterrupts
                0x0000000080009688                EnableAllInterrupts
                0x00000000800096a4                SuspendAllInterrupts
                0x00000000800096e6                ResumeAllInterrupts
                0x000000008000970c                SuspendOSInterrupts
                0x0000000080009768                ResumeOSInterrupts
                0x00000000800097a4                StartOS
                0x0000000080009850                GetActiveApplicationMode
                0x000000008000986a                ActivateTask
                0x00000000800098ee                ChainTask
                0x00000000800099c4                TerminateTask
                0x0000000080009a1e                Schedule
                0x0000000080009a92                GetResource
                0x0000000080009b44                ReleaseResource
                0x0000000080009c30                ShutdownOS
                0x0000000080009c94                GetTaskID
                0x0000000080009cec                GetTaskState
                0x0000000080009d64                WaitEvent
                0x0000000080009dde                SetEvent
                0x0000000080009e74                GetEvent
                0x0000000080009ea6                ClearEvent
                0x0000000080009efe                GetISRID
 .text          0x0000000080009f18       0xf8 C:\Users\USER\Desktop\WORKSP~1\TUNNEL~1\TC275\erika\lib\libee.a(ee_oo_sched_entry_points.c.o)
                0x0000000080009f3a                osEE_scheduler_task_wrapper_restore
                0x0000000080009f44                osEE_scheduler_task_wrapper_run
                0x0000000080009fee                osEE_idle_hook_wrapper
 .text          0x000000008000a010       0xec C:\Users\USER\Desktop\WORKSP~1\TUNNEL~1\TC275\erika\lib\libee.a(ee_oo_scheduler.c.o)
                0x000000008000a010                osEE_scheduler_core_rq_preempt_stk
                0x000000008000a080                osEE_sn_priority_insert
                0x000000008000a0c8                osEE_scheduler_rq_insert
                0x000000008000a0d6                osEE_scheduler_core_pop_running
 .text          0x000000008000a0fc       0x7a C:\Users\USER\Desktop\WORKSP~1\TUNNEL~1\TC275\erika\lib\libee.a(ee_oo_kernel.c.o)
                0x000000008000a0fc                osEE_task_activated
                0x000000008000a114                osEE_task_end
                0x000000008000a132                osEE_task_event_set_mask
                0x000000008000a154                osEE_activate_isr2
 .text          0x000000008000a176      0x1c0 C:\Users\USER\Desktop\WORKSP~1\TUNNEL~1\TC275\erika\lib\libee.a(ee_oo_sched_partitioned.c.o)
                0x000000008000a176                osEE_scheduler_task_activated
                0x000000008000a1de                osEE_scheduler_task_insert
                0x000000008000a20c                osEE_scheduler_task_unblocked
                0x000000008000a248                osEE_scheduler_task_terminated
                0x000000008000a2d2                osEE_scheduler_task_preemption_point
                0x000000008000a2f8                osEE_scheduler_task_set_running
 .text          0x000000008000a336       0x6e C:\Users\USER\Desktop\WORKSP~1\TUNNEL~1\TC275\erika\lib\libee.a(ee_std_change_context.c.o)
                0x000000008000a336                osEE_change_context_from_running
                0x000000008000a35e                osEE_change_context_from_task_end
                0x000000008000a37e                osEE_idle_task_terminate
 .text          0x000000008000a3a4       0x6a C:\Users\USER\Desktop\WORKSP~1\TUNNEL~1\TC275\erika\lib\libee.a(ee_tc_hal.c.o)
                0x000000008000a3a4                osEE_cpu_startos
 .text          0x000000008000a40e      0x134 C:\Users\USER\Desktop\WORKSP~1\TUNNEL~1\TC275\erika\lib\libee.a(ee_tc_ctx.c.o)
                0x000000008000a430                osEE_hal_save_ctx_and_restore_ctx
                0x000000008000a454                osEE_hal_restore_ctx
                0x000000008000a46e                osEE_hal_save_ctx_and_ready2stacked
                0x000000008000a492                osEE_hal_ready2stacked
                0x000000008000a4be                osEE_tc_change_context_from_isr2_end
                0x000000008000a4dc                osEE_hal_terminate_ctx
 *(.text.*)
 .text.libgcc   0x000000008000a542       0x26 c:/hightec/toolchains/tricore/v4.9.3.0-infineon-1.0/bin/../lib/gcc/tricore/4.9.4/tc161\libgcc.a(_lshrdi3.o)
                0x000000008000a542                __lshrdi3
 .text.__floatundisf
                0x000000008000a568       0x4c c:/hightec/toolchains/tricore/v4.9.3.0-infineon-1.0/bin/../lib/gcc/tricore/4.9.4/tc161\libgcc.a(_floatundisf.o)
                0x000000008000a568                __floatundisf
 .text.__extendsfdf2
                0x000000008000a5b4       0x32 c:/hightec/toolchains/tricore/v4.9.3.0-infineon-1.0/bin/../lib/gcc/tricore/4.9.4/tc161\libgcc.a(_sf_to_df.o)
                0x000000008000a5b4                __extendsfdf2
 .text._fpadd_parts
                0x000000008000a5e6      0x19c c:/hightec/toolchains/tricore/v4.9.3.0-infineon-1.0/bin/../lib/gcc/tricore/4.9.4/tc161\libgcc.a(_addsub_df.o)
 .text.__adddf3
                0x000000008000a782       0x38 c:/hightec/toolchains/tricore/v4.9.3.0-infineon-1.0/bin/../lib/gcc/tricore/4.9.4/tc161\libgcc.a(_addsub_df.o)
                0x000000008000a782                __adddf3
 .text.__subdf3
                0x000000008000a7ba       0x40 c:/hightec/toolchains/tricore/v4.9.3.0-infineon-1.0/bin/../lib/gcc/tricore/4.9.4/tc161\libgcc.a(_addsub_df.o)
                0x000000008000a7ba                __subdf3
 .text.__muldf3
                0x000000008000a7fa      0x1a4 c:/hightec/toolchains/tricore/v4.9.3.0-infineon-1.0/bin/../lib/gcc/tricore/4.9.4/tc161\libgcc.a(_mul_df.o)
                0x000000008000a7fa                __muldf3
 .text.__divdf3
                0x000000008000a99e      0x118 c:/hightec/toolchains/tricore/v4.9.3.0-infineon-1.0/bin/../lib/gcc/tricore/4.9.4/tc161\libgcc.a(_div_df.o)
                0x000000008000a99e                __divdf3
 .text.__floatsidf
                0x000000008000aab6       0x48 c:/hightec/toolchains/tricore/v4.9.3.0-infineon-1.0/bin/../lib/gcc/tricore/4.9.4/tc161\libgcc.a(_si_to_df.o)
                0x000000008000aab6                __floatsidf
 .text.__make_dp
                0x000000008000aafe       0x1e c:/hightec/toolchains/tricore/v4.9.3.0-infineon-1.0/bin/../lib/gcc/tricore/4.9.4/tc161\libgcc.a(_make_df.o)
                0x000000008000aafe                __make_dp
 .text.__truncdfsf2
                0x000000008000ab1c       0x3c c:/hightec/toolchains/tricore/v4.9.3.0-infineon-1.0/bin/../lib/gcc/tricore/4.9.4/tc161\libgcc.a(_df_to_sf.o)
                0x000000008000ab1c                __truncdfsf2
 .text.__floatunsidf
                0x000000008000ab58       0x32 c:/hightec/toolchains/tricore/v4.9.3.0-infineon-1.0/bin/../lib/gcc/tricore/4.9.4/tc161\libgcc.a(_usi_to_df.o)
                0x000000008000ab58                __floatunsidf
 .text.libgcc   0x000000008000ab8a       0x1a c:/hightec/toolchains/tricore/v4.9.3.0-infineon-1.0/bin/../lib/gcc/tricore/4.9.4/tc161\libgcc.a(_ashldi3.o)
                0x000000008000ab8a                __ashldi3
 .text.__unpack_f
                0x000000008000aba4       0x7a c:/hightec/toolchains/tricore/v4.9.3.0-infineon-1.0/bin/../lib/gcc/tricore/4.9.4/tc161\libgcc.a(_unpack_sf.o)
                0x000000008000aba4                __unpack_f
 .text.__make_fp
                0x000000008000ac1e       0x16 c:/hightec/toolchains/tricore/v4.9.3.0-infineon-1.0/bin/../lib/gcc/tricore/4.9.4/tc161\libgcc.a(_make_sf.o)
                0x000000008000ac1e                __make_fp
 .text.__pack_d
                0x000000008000ac34      0x112 c:/hightec/toolchains/tricore/v4.9.3.0-infineon-1.0/bin/../lib/gcc/tricore/4.9.4/tc161\libgcc.a(_pack_df.o)
                0x000000008000ac34                __pack_d
 .text.__unpack_d
                0x000000008000ad46       0xac c:/hightec/toolchains/tricore/v4.9.3.0-infineon-1.0/bin/../lib/gcc/tricore/4.9.4/tc161\libgcc.a(_unpack_df.o)
                0x000000008000ad46                __unpack_d
 .text.__pack_f
                0x000000008000adf2       0xc6 c:/hightec/toolchains/tricore/v4.9.3.0-infineon-1.0/bin/../lib/gcc/tricore/4.9.4/tc161\libgcc.a(_pack_sf.o)
                0x000000008000adf2                __pack_f
 .text.malloc   0x000000008000aeb8        0xc c:/hightec/toolchains/tricore/v4.9.3.0-infineon-1.0/bin/../lib/gcc/tricore/4.9.4/../../../../tricore/lib/tc161\libc.a(lib_a-malloc.o)
                0x000000008000aeb8                malloc
 .text.free     0x000000008000aec4        0xe c:/hightec/toolchains/tricore/v4.9.3.0-infineon-1.0/bin/../lib/gcc/tricore/4.9.4/../../../../tricore/lib/tc161\libc.a(lib_a-malloc.o)
                0x000000008000aec4                free
 .text._malloc_r
                0x000000008000aed2      0x49a c:/hightec/toolchains/tricore/v4.9.3.0-infineon-1.0/bin/../lib/gcc/tricore/4.9.4/../../../../tricore/lib/tc161\libc.a(lib_a-mallocr.o)
                0x000000008000aed2                _malloc_r
 .text.__malloc_lock
                0x000000008000b36c        0x2 c:/hightec/toolchains/tricore/v4.9.3.0-infineon-1.0/bin/../lib/gcc/tricore/4.9.4/../../../../tricore/lib/tc161\libc.a(lib_a-mlock.o)
                0x000000008000b36c                __malloc_lock
 .text.__malloc_unlock
                0x000000008000b36e        0x2 c:/hightec/toolchains/tricore/v4.9.3.0-infineon-1.0/bin/../lib/gcc/tricore/4.9.4/../../../../tricore/lib/tc161\libc.a(lib_a-mlock.o)
                0x000000008000b36e                __malloc_unlock
 .text._sbrk_r  0x000000008000b370       0x1e c:/hightec/toolchains/tricore/v4.9.3.0-infineon-1.0/bin/../lib/gcc/tricore/4.9.4/../../../../tricore/lib/tc161\libc.a(lib_a-sbrkr.o)
                0x000000008000b370                _sbrk_r
 .text.strlen   0x000000008000b38e       0x14 c:/hightec/toolchains/tricore/v4.9.3.0-infineon-1.0/bin/../lib/gcc/tricore/4.9.4/../../../../tricore/lib/tc161\libc.a(lib_a-strlen.o)
                0x000000008000b38e                strlen
 .text._vsnprintf_r
                0x000000008000b3a2       0x4a c:/hightec/toolchains/tricore/v4.9.3.0-infineon-1.0/bin/../lib/gcc/tricore/4.9.4/../../../../tricore/lib/tc161\libc.a(lib_a-vsnprintf.o)
                0x000000008000b3a2                _vsnprintf_r
 .text.vsnprintf
                0x000000008000b3ec       0x16 c:/hightec/toolchains/tricore/v4.9.3.0-infineon-1.0/bin/../lib/gcc/tricore/4.9.4/../../../../tricore/lib/tc161\libc.a(lib_a-vsnprintf.o)
                0x000000008000b3ec                vsnprintf
 .text._malloc_trim_r
                0x000000008000b402       0xba c:/hightec/toolchains/tricore/v4.9.3.0-infineon-1.0/bin/../lib/gcc/tricore/4.9.4/../../../../tricore/lib/tc161\libc.a(lib_a-freer.o)
                0x000000008000b402                _malloc_trim_r
 .text._free_r  0x000000008000b4bc      0x1ac c:/hightec/toolchains/tricore/v4.9.3.0-infineon-1.0/bin/../lib/gcc/tricore/4.9.4/../../../../tricore/lib/tc161\libc.a(lib_a-freer.o)
                0x000000008000b4bc                _free_r
 .text._svfprintf_r
                0x000000008000b668     0x11a4 c:/hightec/toolchains/tricore/v4.9.3.0-infineon-1.0/bin/../lib/gcc/tricore/4.9.4/../../../../tricore/lib/tc161\libc.a(lib_a-svfprintf.o)
                0x000000008000b668                _svfprintf_r
 .text.quorem   0x000000008000c80c      0x11a c:/hightec/toolchains/tricore/v4.9.3.0-infineon-1.0/bin/../lib/gcc/tricore/4.9.4/../../../../tricore/lib/tc161\libc.a(lib_a-dtoa.o)
 *fill*         0x000000008000c926        0x2 00
 .text._dtoa_r  0x000000008000c928      0xcd4 c:/hightec/toolchains/tricore/v4.9.3.0-infineon-1.0/bin/../lib/gcc/tricore/4.9.4/../../../../tricore/lib/tc161\libc.a(lib_a-dtoa.o)
                0x000000008000c928                _dtoa_r
 .text._localeconv_r
                0x000000008000d5fc        0xa c:/hightec/toolchains/tricore/v4.9.3.0-infineon-1.0/bin/../lib/gcc/tricore/4.9.4/../../../../tricore/lib/tc161\libc.a(lib_a-locale.o)
                0x000000008000d5fc                _localeconv_r
 .text.memchr   0x000000008000d606       0x18 c:/hightec/toolchains/tricore/v4.9.3.0-infineon-1.0/bin/../lib/gcc/tricore/4.9.4/../../../../tricore/lib/tc161\libc.a(lib_a-memchr.o)
                0x000000008000d606                memchr
 .text.memcpy   0x000000008000d61e       0x1c c:/hightec/toolchains/tricore/v4.9.3.0-infineon-1.0/bin/../lib/gcc/tricore/4.9.4/../../../../tricore/lib/tc161\libc.a(lib_a-memcpy.o)
                0x000000008000d61e                memcpy
 .text._Balloc  0x000000008000d63a       0x56 c:/hightec/toolchains/tricore/v4.9.3.0-infineon-1.0/bin/../lib/gcc/tricore/4.9.4/../../../../tricore/lib/tc161\libc.a(lib_a-mprec.o)
                0x000000008000d63a                _Balloc
 .text._Bfree   0x000000008000d690       0x12 c:/hightec/toolchains/tricore/v4.9.3.0-infineon-1.0/bin/../lib/gcc/tricore/4.9.4/../../../../tricore/lib/tc161\libc.a(lib_a-mprec.o)
                0x000000008000d690                _Bfree
 .text.__multadd
                0x000000008000d6a2       0x82 c:/hightec/toolchains/tricore/v4.9.3.0-infineon-1.0/bin/../lib/gcc/tricore/4.9.4/../../../../tricore/lib/tc161\libc.a(lib_a-mprec.o)
                0x000000008000d6a2                __multadd
 .text.__hi0bits
                0x000000008000d724       0x42 c:/hightec/toolchains/tricore/v4.9.3.0-infineon-1.0/bin/../lib/gcc/tricore/4.9.4/../../../../tricore/lib/tc161\libc.a(lib_a-mprec.o)
                0x000000008000d724                __hi0bits
 .text.__lo0bits
                0x000000008000d766       0x66 c:/hightec/toolchains/tricore/v4.9.3.0-infineon-1.0/bin/../lib/gcc/tricore/4.9.4/../../../../tricore/lib/tc161\libc.a(lib_a-mprec.o)
                0x000000008000d766                __lo0bits
 .text.__i2b    0x000000008000d7cc       0x10 c:/hightec/toolchains/tricore/v4.9.3.0-infineon-1.0/bin/../lib/gcc/tricore/4.9.4/../../../../tricore/lib/tc161\libc.a(lib_a-mprec.o)
                0x000000008000d7cc                __i2b
 .text.__multiply
                0x000000008000d7dc      0x11a c:/hightec/toolchains/tricore/v4.9.3.0-infineon-1.0/bin/../lib/gcc/tricore/4.9.4/../../../../tricore/lib/tc161\libc.a(lib_a-mprec.o)
                0x000000008000d7dc                __multiply
 .text.__pow5mult
                0x000000008000d8f6       0x7c c:/hightec/toolchains/tricore/v4.9.3.0-infineon-1.0/bin/../lib/gcc/tricore/4.9.4/../../../../tricore/lib/tc161\libc.a(lib_a-mprec.o)
                0x000000008000d8f6                __pow5mult
 .text.__lshift
                0x000000008000d972       0xba c:/hightec/toolchains/tricore/v4.9.3.0-infineon-1.0/bin/../lib/gcc/tricore/4.9.4/../../../../tricore/lib/tc161\libc.a(lib_a-mprec.o)
                0x000000008000d972                __lshift
 .text.__mcmp   0x000000008000da2c       0x42 c:/hightec/toolchains/tricore/v4.9.3.0-infineon-1.0/bin/../lib/gcc/tricore/4.9.4/../../../../tricore/lib/tc161\libc.a(lib_a-mprec.o)
                0x000000008000da2c                __mcmp
 .text.__mdiff  0x000000008000da6e       0xca c:/hightec/toolchains/tricore/v4.9.3.0-infineon-1.0/bin/../lib/gcc/tricore/4.9.4/../../../../tricore/lib/tc161\libc.a(lib_a-mprec.o)
                0x000000008000da6e                __mdiff
 .text.__d2b    0x000000008000db38       0xa8 c:/hightec/toolchains/tricore/v4.9.3.0-infineon-1.0/bin/../lib/gcc/tricore/4.9.4/../../../../tricore/lib/tc161\libc.a(lib_a-mprec.o)
                0x000000008000db38                __d2b
 .text.__fpclassifyd
                0x000000008000dbe0       0x42 c:/hightec/toolchains/tricore/v4.9.3.0-infineon-1.0/bin/../lib/gcc/tricore/4.9.4/../../../../tricore/lib/tc161\libc.a(lib_a-s_fpclassify.o)
                0x000000008000dbe0                __fpclassifyd
 .text.__ssprint_r
                0x000000008000dc22       0xf0 c:/hightec/toolchains/tricore/v4.9.3.0-infineon-1.0/bin/../lib/gcc/tricore/4.9.4/../../../../tricore/lib/tc161\libc.a(lib_a-svfiprintf.o)
                0x000000008000dc22                __ssprint_r
 .text._calloc_r
                0x000000008000dd12       0x62 c:/hightec/toolchains/tricore/v4.9.3.0-infineon-1.0/bin/../lib/gcc/tricore/4.9.4/../../../../tricore/lib/tc161\libc.a(lib_a-callocr.o)
                0x000000008000dd12                _calloc_r
 .text.memmove  0x000000008000dd74       0x50 c:/hightec/toolchains/tricore/v4.9.3.0-infineon-1.0/bin/../lib/gcc/tricore/4.9.4/../../../../tricore/lib/tc161\libc.a(lib_a-memmove.o)
                0x000000008000dd74                memmove
 .text.memset   0x000000008000ddc4       0x10 c:/hightec/toolchains/tricore/v4.9.3.0-infineon-1.0/bin/../lib/gcc/tricore/4.9.4/../../../../tricore/lib/tc161\libc.a(lib_a-memset.o)
                0x000000008000ddc4                memset
 .text._realloc_r
                0x000000008000ddd4      0x3f0 c:/hightec/toolchains/tricore/v4.9.3.0-infineon-1.0/bin/../lib/gcc/tricore/4.9.4/../../../../tricore/lib/tc161\libc.a(lib_a-reallocr.o)
                0x000000008000ddd4                _realloc_r
 .text._exit    0x000000008000e1c4       0x10 c:/hightec/toolchains/tricore/v4.9.3.0-infineon-1.0/bin/../lib/gcc/tricore/4.9.4/../../../../tricore/lib/tc161\libos.a(libos_exit.o)
                0x000000008000e1c4                _exit
 .text.sbrk     0x000000008000e1d4       0x3c c:/hightec/toolchains/tricore/v4.9.3.0-infineon-1.0/bin/../lib/gcc/tricore/4.9.4/../../../../tricore/lib/tc161\libos.a(libos_sbrk.o)
                0x000000008000e1d4                sbrk
 .text.__errno  0x000000008000e210        0xa c:/hightec/toolchains/tricore/v4.9.3.0-infineon-1.0/bin/../lib/gcc/tricore/4.9.4/../../../../tricore/lib/tc161\libos.a(libos.o)
                0x000000008000e210                __errno
 .text.abort    0x000000008000e21a       0x12 c:/hightec/toolchains/tricore/v4.9.3.0-infineon-1.0/bin/../lib/gcc/tricore/4.9.4/../../../../tricore/lib/tc161\libos.a(libos_abort.o)
                0x000000008000e21a                abort
 .text.__eqdf2  0x000000008000e22c       0x40 c:/hightec/toolchains/tricore/v4.9.3.0-infineon-1.0/bin/../lib/gcc/tricore/4.9.4/tc161\libgcc.a(_eq_df.o)
                0x000000008000e22c                __eqdf2
 .text.__nedf2  0x000000008000e26c       0x40 c:/hightec/toolchains/tricore/v4.9.3.0-infineon-1.0/bin/../lib/gcc/tricore/4.9.4/tc161\libgcc.a(_ne_df.o)
                0x000000008000e26c                __nedf2
 .text.__gtdf2  0x000000008000e2ac       0x40 c:/hightec/toolchains/tricore/v4.9.3.0-infineon-1.0/bin/../lib/gcc/tricore/4.9.4/tc161\libgcc.a(_gt_df.o)
                0x000000008000e2ac                __gtdf2
 .text.__gedf2  0x000000008000e2ec       0x40 c:/hightec/toolchains/tricore/v4.9.3.0-infineon-1.0/bin/../lib/gcc/tricore/4.9.4/tc161\libgcc.a(_ge_df.o)
                0x000000008000e2ec                __gedf2
 .text.__ltdf2  0x000000008000e32c       0x40 c:/hightec/toolchains/tricore/v4.9.3.0-infineon-1.0/bin/../lib/gcc/tricore/4.9.4/tc161\libgcc.a(_lt_df.o)
                0x000000008000e32c                __ltdf2
 .text.__fixdfsi
                0x000000008000e36c       0x4e c:/hightec/toolchains/tricore/v4.9.3.0-infineon-1.0/bin/../lib/gcc/tricore/4.9.4/tc161\libgcc.a(_df_to_si.o)
                0x000000008000e36c                __fixdfsi
 .text.__udivdi3
                0x000000008000e3ba       0xa0 c:/hightec/toolchains/tricore/v4.9.3.0-infineon-1.0/bin/../lib/gcc/tricore/4.9.4/tc161\libgcc.a(udivdi3.o)
                0x000000008000e3ba                __udivdi3
 .text.__umoddi3
                0x000000008000e45a       0x26 c:/hightec/toolchains/tricore/v4.9.3.0-infineon-1.0/bin/../lib/gcc/tricore/4.9.4/tc161\libgcc.a(umoddi3.o)
                0x000000008000e45a                __umoddi3
 .text.__fpcmp_parts_d
                0x000000008000e480       0xa6 c:/hightec/toolchains/tricore/v4.9.3.0-infineon-1.0/bin/../lib/gcc/tricore/4.9.4/tc161\libgcc.a(_fpcmp_parts_df.o)
                0x000000008000e480                __fpcmp_parts_d
 .text.__udiv6432
                0x000000008000e526       0x9c c:/hightec/toolchains/tricore/v4.9.3.0-infineon-1.0/bin/../lib/gcc/tricore/4.9.4/tc161\libgcc.a(udiv6432.o)
                0x000000008000e526                __udiv6432
 *(.gnu.linkonce.t.*)
 *(.gnu.warning)
                0x000000008000e5c8                . = ALIGN (0x8)
 *fill*         0x000000008000e5c2        0x6 00

.sdata3         memory region -> PMU_PFLASH
                0x000000008000e5c8        0x0
 *(.rodata_a8)
 *(.rodata_a8.*)
                0x0000000080008000                _SMALL_DATA3_ = SIZEOF (.sdata3)?(ADDR (.sdata3) + 0x8000):((ADDR (.sdata3) & 0xf0000000) + 0x8000)
                0x0000000080008000                __A8_MEM = _SMALL_DATA3_

.inttab_cpu1    memory region -> PMU_PFLASH
                0x0000000080010000        0x0
                0x0000000080010000                PROVIDE (__INTTAB1, .)
 *(.inttab_cpu1)
 *(.*.inttab_cpu1)
                0x0000000080010000                . = ALIGN (0x8)

.inttab_cpu2    memory region -> PMU_PFLASH
                0x0000000080010000        0x0
                0x0000000080010000                PROVIDE (__INTTAB2, .)
 *(.inttab_cpu2)
 *(.*.inttab_cpu2)
                0x0000000080010000                . = ALIGN (0x8)

.zdata          memory region -> DMI_DSPR0
                0x0000000070000000        0x0 load address 0x000000008000e5c8
 *(.zdata)
 *(.zdata.*)
 *(.gnu.linkonce.z.*)

.zbss           memory region -> DMI_DSPR0
                0x0000000070000000        0x0 load address 0x000000008000e5c8
 *(.zbss)
 *(.zbss.*)
 *(.bbss)
 *(.bbss.*)
 *(.gnu.linkonce.zb.*)

.sdata          memory region -> DMI_DSPR0
                0x0000000070000000        0x0 load address 0x000000008000e5c8
 *(.sdata)
 *(.sdata.*)
                0x0000000070008000                _SMALL_DATA_ = SIZEOF (.sdata)?(ADDR (.sdata) + 0x8000):((ADDR (.sdata) & 0xf0000000) + 0x8000)
                0x0000000070008000                __A0_MEM = _SMALL_DATA_

.sbss           memory region -> DMI_DSPR0
                0x0000000070000000        0x0 load address 0x000000008000e5c8
 *(.sbss)
 *(.sbss.*)

.data           memory region -> DMI_DSPR0
                0x0000000070000000      0x938 load address 0x000000008000e5c8
 *(.data)
 .data          0x0000000070000000        0x8 obj/asw.c.o
 .data          0x0000000070000008        0x8 obj/bsw.c.o
                0x0000000070000008                g_vadcChannelIDs
 .data          0x0000000070000010       0xe0 obj/ee_applcfg.c.o
                0x0000000070000010                osEE_ccb_var
 .data          0x00000000700000f0        0x8 obj/illd/src/IfxScuCcu.c.o
 .data          0x00000000700000f8      0x410 c:/hightec/toolchains/tricore/v4.9.3.0-infineon-1.0/bin/../lib/gcc/tricore/4.9.4/../../../../tricore/lib/tc161\libc.a(lib_a-mallocr.o)
                0x00000000700000f8                __malloc_sbrk_base
                0x00000000700000fc                __malloc_trim_threshold
                0x0000000070000100                __malloc_av_
 .data          0x0000000070000508      0x428 c:/hightec/toolchains/tricore/v4.9.3.0-infineon-1.0/bin/../lib/gcc/tricore/4.9.4/../../../../tricore/lib/tc161\libc.a(lib_a-impure.o)
                0x0000000070000508                _impure_ptr
 .data          0x0000000070000930        0x8 c:/hightec/toolchains/tricore/v4.9.3.0-infineon-1.0/bin/../lib/gcc/tricore/4.9.4/../../../../tricore/lib/tc161\libos.a(libos_sbrk.o)
 *(.data.*)
 *(.gnu.linkonce.d.*)

.bss            memory region -> DMI_DSPR0
                0x0000000070000938      0x360 load address 0x000000008000ef00
 *(.bss)
 .bss           0x0000000070000938      0x2b8 obj/bsw.c.o
                0x0000000070000938                g_vadcChannel