Archive member included to satisfy reference by file (symbol)

C:/ST/STM32CubeIDE_1.17.0/STM32CubeIDE/plugins/com.st.stm32cube.ide.mcu.externaltools.gnu-tools-for-stm32.12.3.rel1.win32_1.1.0.202410251130/tools/bin/../lib/gcc/arm-none-eabi/12.3.1/../../../../arm-none-eabi/lib/thumb/v7-m/nofp\libc_nano.a(libc_a-exit.o)
                              C:/ST/STM32CubeIDE_1.17.0/STM32CubeIDE/plugins/com.st.stm32cube.ide.mcu.externaltools.gnu-tools-for-stm32.12.3.rel1.win32_1.1.0.202410251130/tools/bin/../lib/gcc/arm-none-eabi/12.3.1/../../../../arm-none-eabi/lib/thumb/v7-m/nofp/crt0.o (exit)
C:/ST/STM32CubeIDE_1.17.0/STM32CubeIDE/plugins/com.st.stm32cube.ide.mcu.externaltools.gnu-tools-for-stm32.12.3.rel1.win32_1.1.0.202410251130/tools/bin/../lib/gcc/arm-none-eabi/12.3.1/../../../../arm-none-eabi/lib/thumb/v7-m/nofp\libc_nano.a(libc_a-findfp.o)
                              C:/ST/STM32CubeIDE_1.17.0/STM32CubeIDE/plugins/com.st.stm32cube.ide.mcu.externaltools.gnu-tools-for-stm32.12.3.rel1.win32_1.1.0.202410251130/tools/bin/../lib/gcc/arm-none-eabi/12.3.1/../../../../arm-none-eabi/lib/thumb/v7-m/nofp\libc_nano.a(libc_a-exit.o) (__stdio_exit_handler)
C:/ST/STM32CubeIDE_1.17.0/STM32CubeIDE/plugins/com.st.stm32cube.ide.mcu.externaltools.gnu-tools-for-stm32.12.3.rel1.win32_1.1.0.202410251130/tools/bin/../lib/gcc/arm-none-eabi/12.3.1/../../../../arm-none-eabi/lib/thumb/v7-m/nofp\libc_nano.a(libc_a-fwalk.o)
                              C:/ST/STM32CubeIDE_1.17.0/STM32CubeIDE/plugins/com.st.stm32cube.ide.mcu.externaltools.gnu-tools-for-stm32.12.3.rel1.win32_1.1.0.202410251130/tools/bin/../lib/gcc/arm-none-eabi/12.3.1/../../../../arm-none-eabi/lib/thumb/v7-m/nofp\libc_nano.a(libc_a-findfp.o) (_fwalk_sglue)
C:/ST/STM32CubeIDE_1.17.0/STM32CubeIDE/plugins/com.st.stm32cube.ide.mcu.externaltools.gnu-tools-for-stm32.12.3.rel1.win32_1.1.0.202410251130/tools/bin/../lib/gcc/arm-none-eabi/12.3.1/../../../../arm-none-eabi/lib/thumb/v7-m/nofp\libc_nano.a(libc_a-stdio.o)
                              C:/ST/STM32CubeIDE_1.17.0/STM32CubeIDE/plugins/com.st.stm32cube.ide.mcu.externaltools.gnu-tools-for-stm32.12.3.rel1.win32_1.1.0.202410251130/tools/bin/../lib/gcc/arm-none-eabi/12.3.1/../../../../arm-none-eabi/lib/thumb/v7-m/nofp\libc_nano.a(libc_a-findfp.o) (__sread)
C:/ST/STM32CubeIDE_1.17.0/STM32CubeIDE/plugins/com.st.stm32cube.ide.mcu.externaltools.gnu-tools-for-stm32.12.3.rel1.win32_1.1.0.202410251130/tools/bin/../lib/gcc/arm-none-eabi/12.3.1/../../../../arm-none-eabi/lib/thumb/v7-m/nofp\libc_nano.a(libc_a-memset.o)
                              C:/ST/STM32CubeIDE_1.17.0/STM32CubeIDE/plugins/com.st.stm32cube.ide.mcu.externaltools.gnu-tools-for-stm32.12.3.rel1.win32_1.1.0.202410251130/tools/bin/../lib/gcc/arm-none-eabi/12.3.1/../../../../arm-none-eabi/lib/thumb/v7-m/nofp/crt0.o (memset)
C:/ST/STM32CubeIDE_1.17.0/STM32CubeIDE/plugins/com.st.stm32cube.ide.mcu.externaltools.gnu-tools-for-stm32.12.3.rel1.win32_1.1.0.202410251130/tools/bin/../lib/gcc/arm-none-eabi/12.3.1/../../../../arm-none-eabi/lib/thumb/v7-m/nofp\libc_nano.a(libc_a-closer.o)
                              C:/ST/STM32CubeIDE_1.17.0/STM32CubeIDE/plugins/com.st.stm32cube.ide.mcu.externaltools.gnu-tools-for-stm32.12.3.rel1.win32_1.1.0.202410251130/tools/bin/../lib/gcc/arm-none-eabi/12.3.1/../../../../arm-none-eabi/lib/thumb/v7-m/nofp\libc_nano.a(libc_a-stdio.o) (_close_r)
C:/ST/STM32CubeIDE_1.17.0/STM32CubeIDE/plugins/com.st.stm32cube.ide.mcu.externaltools.gnu-tools-for-stm32.12.3.rel1.win32_1.1.0.202410251130/tools/bin/../lib/gcc/arm-none-eabi/12.3.1/../../../../arm-none-eabi/lib/thumb/v7-m/nofp\libc_nano.a(libc_a-reent.o)
                              C:/ST/STM32CubeIDE_1.17.0/STM32CubeIDE/plugins/com.st.stm32cube.ide.mcu.externaltools.gnu-tools-for-stm32.12.3.rel1.win32_1.1.0.202410251130/tools/bin/../lib/gcc/arm-none-eabi/12.3.1/../../../../arm-none-eabi/lib/thumb/v7-m/nofp\libc_nano.a(libc_a-closer.o) (errno)
C:/ST/STM32CubeIDE_1.17.0/STM32CubeIDE/plugins/com.st.stm32cube.ide.mcu.externaltools.gnu-tools-for-stm32.12.3.rel1.win32_1.1.0.202410251130/tools/bin/../lib/gcc/arm-none-eabi/12.3.1/../../../../arm-none-eabi/lib/thumb/v7-m/nofp\libc_nano.a(libc_a-impure.o)
                              C:/ST/STM32CubeIDE_1.17.0/STM32CubeIDE/plugins/com.st.stm32cube.ide.mcu.externaltools.gnu-tools-for-stm32.12.3.rel1.win32_1.1.0.202410251130/tools/bin/../lib/gcc/arm-none-eabi/12.3.1/../../../../arm-none-eabi/lib/thumb/v7-m/nofp\libc_nano.a(libc_a-reent.o) (_impure_ptr)
C:/ST/STM32CubeIDE_1.17.0/STM32CubeIDE/plugins/com.st.stm32cube.ide.mcu.externaltools.gnu-tools-for-stm32.12.3.rel1.win32_1.1.0.202410251130/tools/bin/../lib/gcc/arm-none-eabi/12.3.1/../../../../arm-none-eabi/lib/thumb/v7-m/nofp\libc_nano.a(libc_a-lseekr.o)
[...]
Memory Configuration

Name             Origin             Length             Attributes
RAM              0x20000000         0x00005000         xrw
FLASH            0x08000000         0x00020000         xr
*default*        0x00000000         0xffffffff

Linker script and memory map

LOAD C:/ST/STM32CubeIDE_1.17.0/STM32CubeIDE/plugins/com.st.stm32cube.ide.mcu.externaltools.gnu-tools-for-stm32.12.3.rel1.win32_1.1.0.202410251130/tools/bin/../lib/gcc/arm-none-eabi/12.3.1/thumb/v7-m/nofp/crti.o
LOAD C:/ST/STM32CubeIDE_1.17.0/STM32CubeIDE/plugins/com.st.stm32cube.ide.mcu.externaltools.gnu-tools-for-stm32.12.3.rel1.win32_1.1.0.202410251130/tools/bin/../lib/gcc/arm-none-eabi/12.3.1/thumb/v7-m/nofp/crtbegin.o
LOAD C:/ST/STM32CubeIDE_1.17.0/STM32CubeIDE/plugins/com.st.stm32cube.ide.mcu.externaltools.gnu-tools-for-stm32.12.3.rel1.win32_1.1.0.202410251130/tools/bin/../lib/gcc/arm-none-eabi/12.3.1/../../../../arm-none-eabi/lib/thumb/v7-m/nofp/crt0.o
LOAD ./Core/Src/buzzer_driver.o
LOAD ./Core/Src/fan_driver.o
LOAD ./Core/Src/led_driver.o
LOAD ./Core/Src/main.o
LOAD ./Core/Src/rgb_driver.o
LOAD ./Core/Src/scheduler_stm.o
LOAD ./Core/Src/servo_driver.o
LOAD ./Core/Src/stm32f1xx_hal_msp.o
LOAD ./Core/Src/stm32f1xx_it.o
LOAD ./Core/Src/syscalls.o
LOAD ./Core/Src/sysmem.o
LOAD ./Core/Src/system_stm32f1xx.o
LOAD ./Core/Src/test.o
LOAD ./Core/Startup/startup_stm32f103rbtx.o
LOAD ./Drivers/STM32F1xx_HAL_Driver/Src/stm32f1xx_hal.o
LOAD ./Drivers/STM32F1xx_HAL_Driver/Src/stm32f1xx_hal_cortex.o
LOAD ./Drivers/STM32F1xx_HAL_Driver/Src/stm32f1xx_hal_dma.o
LOAD ./Drivers/STM32F1xx_HAL_Driver/Src/stm32f1xx_hal_exti.o
LOAD ./Drivers/STM32F1xx_HAL_Driver/Src/stm32f1xx_hal_flash.o
LOAD ./Drivers/STM32F1xx_HAL_Driver/Src/stm32f1xx_hal_flash_ex.o
LOAD ./Drivers/STM32F1xx_HAL_Driver/Src/stm32f1xx_hal_gpio.o
LOAD ./Drivers/STM32F1xx_HAL_Driver/Src/stm32f1xx_hal_gpio_ex.o
LOAD ./Drivers/STM32F1xx_HAL_Driver/Src/stm32f1xx_hal_pwr.o
LOAD ./Drivers/STM32F1xx_HAL_Driver/Src/stm32f1xx_hal_rcc.o
LOAD ./Drivers/STM32F1xx_HAL_Driver/Src/stm32f1xx_hal_rcc_ex.o
LOAD ./Drivers/STM32F1xx_HAL_Driver/Src/stm32f1xx_hal_tim.o
LOAD ./Drivers/STM32F1xx_HAL_Driver/Src/stm32f1xx_hal_tim_ex.o
LOAD ./Drivers/STM32F1xx_HAL_Driver/Src/stm32f1xx_hal_uart.o
START GROUP
LOAD C:/ST/STM32CubeIDE_1.17.0/STM32CubeIDE/plugins/com.st.stm32cube.ide.mcu.externaltools.gnu-tools-for-stm32.12.3.rel1.win32_1.1.0.202410251130/tools/bin/../lib/gcc/arm-none-eabi/12.3.1/../../../../arm-none-eabi/lib/thumb/v7-m/nofp\libc_nano.a
LOAD C:/ST/STM32CubeIDE_1.17.0/STM32CubeIDE/plugins/com.st.stm32cube.ide.mcu.externaltools.gnu-tools-for-stm32.12.3.rel1.win32_1.1.0.202410251130/tools/bin/../lib/gcc/arm-none-eabi/12.3.1/../../../../arm-none-eabi/lib/thumb/v7-m/nofp\libm.a
END GROUP
START GROUP
LOAD C:/ST/STM32CubeIDE_1.17.0/STM32CubeIDE/plugins/com.st.stm32cube.ide.mcu.externaltools.gnu-tools-for-stm32.12.3.rel1.win32_1.1.0.202410251130/tools/bin/../lib/gcc/arm-none-eabi/12.3.1/thumb/v7-m/nofp\libgcc.a
LOAD C:/ST/STM32CubeIDE_1.17.0/STM32CubeIDE/plugins/com.st.stm32cube.ide.mcu.externaltools.gnu-tools-for-stm32.12.3.rel1.win32_1.1.0.202410251130/tools/bin/../lib/gcc/arm-none-eabi/12.3.1/../../../../arm-none-eabi/lib/thumb/v7-m/nofp\libc_nano.a
END GROUP
START GROUP
LOAD C:/ST/STM32CubeIDE_1.17.0/STM32CubeIDE/plugins/com.st.stm32cube.ide.mcu.externaltools.gnu-tools-for-stm32.12.3.rel1.win32_1.1.0.202410251130/tools/bin/../lib/gcc/arm-none-eabi/12.3.1/thumb/v7-m/nofp\libgcc.a
LOAD C:/ST/STM32CubeIDE_1.17.0/STM32CubeIDE/plugins/com.st.stm32cube.ide.mcu.externaltools.gnu-tools-for-stm32.12.3.rel1.win32_1.1.0.202410251130/tools/bin/../lib/gcc/arm-none-eabi/12.3.1/../../../../arm-none-eabi/lib/thumb/v7-m/nofp\libc_nano.a
LOAD C:/ST/STM32CubeIDE_1.17.0/STM32CubeIDE/plugins/com.st.stm32cube.ide.mcu.externaltools.gnu-tools-for-stm32.12.3.rel1.win32_1.1.0.202410251130/tools/bin/../lib/gcc/arm-none-eabi/12.3.1/../../../../arm-none-eabi/lib/thumb/v7-m/nofp\libnosys.a
END GROUP
START GROUP
LOAD C:/ST/STM32CubeIDE_1.17.0/STM32CubeIDE/plugins/com.st.stm32cube.ide.mcu.externaltools.gnu-tools-for-stm32.12.3.rel1.win32_1.1.0.202410251130/tools/bin/../lib/gcc/arm-none-eabi/12.3.1/thumb/v7-m/nofp\libgcc.a
LOAD C:/ST/STM32CubeIDE_1.17.0/STM32CubeIDE/plugins/com.st.stm32cube.ide.mcu.externaltools.gnu-tools-for-stm32.12.3.rel1.win32_1.1.0.202410251130/tools/bin/../lib/gcc/arm-none-eabi/12.3.1/../../../../arm-none-eabi/lib/thumb/v7-m/nofp\libc_nano.a
LOAD C:/ST/STM32CubeIDE_1.17.0/STM32CubeIDE/plugins/com.st.stm32cube.ide.mcu.externaltools.gnu-tools-for-stm32.12.3.rel1.win32_1.1.0.202410251130/tools/bin/../lib/gcc/arm-none-eabi/12.3.1/../../../../arm-none-eabi/lib/thumb/v7-m/nofp\libnosys.a
END GROUP
LOAD C:/ST/STM32CubeIDE_1.17.0/STM32CubeIDE/plugins/com.st.stm32cube.ide.mcu.externaltools.gnu-tools-for-stm32.12.3.rel1.win32_1.1.0.202410251130/tools/bin/../lib/gcc/arm-none-eabi/12.3.1/thumb/v7-m/nofp/crtend.o
LOAD C:/ST/STM32CubeIDE_1.17.0/STM32CubeIDE/plugins/com.st.stm32cube.ide.mcu.externaltools.gnu-tools-for-stm32.12.3.rel1.win32_1.1.0.202410251130/tools/bin/../lib/gcc/arm-none-eabi/12.3.1/thumb/v7-m/nofp/crtn.o
                0x20005000                        _estack = (ORIGIN (RAM) + LENGTH (RAM))
                0x00000200                        _Min_Heap_Size = 0x200
                0x00000400                        _Min_Stack_Size = 0x400

.isr_vector     0x08000000      0x10c
                0x08000000                        . = ALIGN (0x4)
 *(.isr_vector)
 .isr_vector    0x08000000      0x10c ./Core/Startup/startup_stm32f103rbtx.o
                0x08000000                g_pfnVectors
                0x0800010c                        . = ALIGN (0x4)

.text           0x0800010c     0x2f04
                0x0800010c                        . = ALIGN (0x4)
 *(.text)
 .text          0x0800010c       0x40 C:/ST/STM32CubeIDE_1.17.0/STM32CubeIDE/plugins/com.st.stm32cube.ide.mcu.externaltools.gnu-tools-for-stm32.12.3.rel1.win32_1.1.0.202410251130/tools/bin/../lib/gcc/arm-none-eabi/12.3.1/thumb/v7-m/nofp/crtbegin.o
 *(.text*)
 .text.initBuzzer
                0x0800014c       0x14 ./Core/Src/buzzer_driver.o
                0x0800014c                initBuzzer
 .text.initFan  0x08000160       0x14 ./Core/Src/fan_driver.o
                0x08000160                initFan
 .text.setInternalFan
                0x08000174       0x24 ./Core/Src/fan_driver.o
                0x08000174                setInternalFan
 .text.stopFan  0x08000198       0x18 ./Core/Src/fan_driver.o
                0x08000198                stopFan
 .text.setSpeedFan
                0x080001b0       0x30 ./Core/Src/fan_driver.o
                0x080001b0                setSpeedFan
 .text.setLevelFan
                0x080001e0       0x74 ./Core/Src/fan_driver.o
                0x080001e0                setLevelFan
 .text.onLed    0x08000254       0x20 ./Core/Src/led_driver.o
                0x08000254                onLed
 .text.offLed   0x08000274       0x20 ./Core/Src/led_driver.o
                0x08000274                offLed
 .text.main     0x08000294       0x3a ./Core/Src/main.o
                0x08000294                main
 .text.SystemClock_Config
                0x080002ce       0x76 ./Core/Src/main.o
                0x080002ce                SystemClock_Config
 .text.MX_TIM1_Init
                0x08000344      0x144 ./Core/Src/main.o
 .text.MX_TIM2_Init
                0x08000488       0xc8 ./Core/Src/main.o
 .text.MX_TIM3_Init
                0x08000550       0xec ./Core/Src/main.o
 .text.MX_TIM4_Init
                0x0800063c       0xc8 ./Core/Src/main.o
 .text.MX_USART2_UART_Init
                0x08000704       0x54 ./Core/Src/main.o
 .text.MX_GPIO_Init
                0x08000758      0x108 ./Core/Src/main.o
 .text.toggleFanTask2s
                0x08000860       0x30 ./Core/Src/main.o
                0x08000860                toggleFanTask2s
 .text.toggleLedTask2s
                0x08000890       0x38 ./Core/Src/main.o
                0x08000890                toggleLedTask2s
 .text.Error_Handler
                0x080008c8        0xc ./Core/Src/main.o
                0x080008c8                Error_Handler
 .text.initRgb  0x080008d4       0x28 ./Core/Src/rgb_driver.o
                0x080008d4                initRgb
 .text.HAL_TIM_PeriodElapsedCallback
                0x080008fc       0x24 ./Core/Src/scheduler_stm.o
                0x080008fc                HAL_TIM_PeriodElapsedCallback
 .text.taskManager
                0x08000920      0x104 ./Core/Src/scheduler_stm.o
                0x08000920                taskManager
 .text.initScheduler
                0x08000a24       0x14 ./Core/Src/scheduler_stm.o
                0x08000a24                initScheduler
 .text.scheduler
                0x08000a38       0x64 ./Core/Src/scheduler_stm.o
                0x08000a38                scheduler
 .text.HAL_MspInit
                0x08000a9c       0x64 ./Core/Src/stm32f1xx_hal_msp.o
                0x08000a9c                HAL_MspInit
 .text.HAL_TIM_Base_MspInit
                0x08000b00       0x64 ./Core/Src/stm32f1xx_hal_msp.o
                0x08000b00                HAL_TIM_Base_MspInit
 .text.HAL_TIM_PWM_MspInit
                0x08000b64       0x70 ./Core/Src/stm32f1xx_hal_msp.o
                0x08000b64                HAL_TIM_PWM_MspInit
 .text.HAL_TIM_MspPostInit
                0x08000bd4      0x178 ./Core/Src/stm32f1xx_hal_msp.o
                0x08000bd4                HAL_TIM_MspPostInit
 .text.HAL_UART_MspInit
                0x08000d4c       0x7c ./Core/Src/stm32f1xx_hal_msp.o
                0x08000d4c                HAL_UART_MspInit
 .text.NMI_Handler
                0x08000dc8        0x8 ./Core/Src/stm32f1xx_it.o
                0x08000dc8                NMI_Handler
 .text.HardFault_Handler
                0x08000dd0        0x8 ./Core/Src/stm32f1xx_it.o
                0x08000dd0                HardFault_Handler
 .text.MemManage_Handler
                0x08000dd8        0x8 ./Core/Src/stm32f1xx_it.o
                0x08000dd8                MemManage_Handler
 .text.BusFault_Handler
                0x08000de0        0x8 ./Core/Src/stm32f1xx_it.o
                0x08000de0                BusFault_Handler
 .text.UsageFault_Handler
                0x08000de8        0x8 ./Core/Src/stm32f1xx_it.o
                0x08000de8                UsageFault_Handler
 .text.SVC_Handler
                0x08000df0        0xc ./Core/Src/stm32f1xx_it.o
                0x08000df0                SVC_Handler
 .text.DebugMon_Handler
                0x08000dfc        0xc ./Core/Src/stm32f1xx_it.o
                0x08000dfc                DebugMon_Handler
 .text.PendSV_Handler
                0x08000e08        0xc ./Core/Src/stm32f1xx_it.o
                0x08000e08                PendSV_Handler
 .text.SysTick_Handler
                0x08000e14        0xc ./Core/Src/stm32f1xx_it.o
                0x08000e14                SysTick_Handler
 .text.TIM2_IRQHandler
                0x08000e20       0x14 ./Core/Src/stm32f1xx_it.o
                0x08000e20                TIM2_IRQHandler
 .text.EXTI15_10_IRQHandler
                0x08000e34       0x10 ./Core/Src/stm32f1xx_it.o
                0x08000e34                EXTI15_10_IRQHandler
 .text.SystemInit
                0x08000e44        0xc ./Core/Src/system_stm32f1xx.o
                0x08000e44                SystemInit
 .text.Reset_Handler
                0x08000e50       0x48 ./Core/Startup/startup_stm32f103rbtx.o
                0x08000e50                Reset_Handler
 .text.Default_Handler
                0x08000e98        0x2 ./Core/Startup/startup_stm32f103rbtx.o
                0x08000e98                RTC_Alarm_IRQHandler
                0x08000e98                EXTI2_IRQHandler
                0x08000e98                TIM1_CC_IRQHandler
                0x08000e98                PVD_IRQHandler
                0x08000e98                EXTI3_IRQHandler
                0x08000e98                EXTI0_IRQHandler
                0x08000e98                I2C2_EV_IRQHandler
                0x08000e98                ADC1_2_IRQHandler
                0x08000e98                SPI1_IRQHandler
                0x08000e98                TAMPER_IRQHandler
                0x08000e98                DMA1_Channel4_IRQHandler
                0x08000e98                USART3_IRQHandler
                0x08000e98                RTC_IRQHandler
                0x08000e98                DMA1_Channel7_IRQHandler
                0x08000e98                CAN1_RX1_IRQHandler
                0x08000e98                TIM4_IRQHandler
                0x08000e98                I2C1_EV_IRQHandler
                0x08000e98                DMA1_Channel6_IRQHandler
                0x08000e98                TIM3_IRQHandler
                0x08000e98                RCC_IRQHandler
                0x08000e98                TIM1_TRG_COM_IRQHandler
                0x08000e98                DMA1_Channel1_IRQHandler
                0x08000e98                Default_Handler
                0x08000e98                EXTI9_5_IRQHandler
                0x08000e98                SPI2_IRQHandler
                0x08000e98                DMA1_Channel5_IRQHandler
                0x08000e98                EXTI4_IRQHandler
                0x08000e98                USB_LP_CAN1_RX0_IRQHandler
                0x08000e98                USB_HP_CAN1_TX_IRQHandler
                0x08000e98                DMA1_Channel3_IRQHandler
                0x08000e98                TIM1_UP_IRQHandler
                0x08000e98                WWDG_IRQHandler
                0x08000e98                TIM1_BRK_IRQHandler
                0x08000e98                EXTI1_IRQHandler
                0x08000e98                USART2_IRQHandler
                0x08000e98                I2C2_ER_IRQHandler
                0x08000e98                DMA1_Channel2_IRQHandler
                0x08000e98                CAN1_SCE_IRQHandler
                0x08000e98                FLASH_IRQHandler
                0x08000e98                USART1_IRQHandler
                0x08000e98                I2C1_ER_IRQHandler
                0x08000e98                USBWakeUp_IRQHandler
 *fill*         0x08000e9a        0x2 
 .text.HAL_Init
                0x08000e9c       0x2c ./Drivers/STM32F1xx_HAL_Driver/Src/stm32f1xx_hal.o
                0x08000e9c                HAL_Init
 .text.HAL_InitTick
                0x08000ec8       0x60 ./Drivers/STM32F1xx_HAL_Driver/Src/stm32f1xx_hal.o
                0x08000ec8                HAL_InitTick
 .text.HAL_IncTick
                0x08000f28       0x24 ./Drivers/STM32F1xx_HAL_Driver/Src/stm32f1xx_hal.o
                0x08000f28                HAL_IncTick
 .text.HAL_GetTick
                0x08000f4c       0x14 ./Drivers/STM32F1xx_HAL_Driver/Src/stm32f1xx_hal.o
                0x08000f4c                HAL_GetTick
 .text.__NVIC_SetPriorityGrouping
                0x08000f60       0x48 ./Drivers/STM32F1xx_HAL_Driver/Src/stm32f1xx_hal_cortex.o
 .text.__NVIC_GetPriorityGrouping
                0x08000fa8       0x1c ./Drivers/STM32F1xx_HAL_Driver/Src/stm32f1xx_hal_cortex.o
 .text.__NVIC_EnableIRQ
                0x08000fc4       0x38 ./Drivers/STM32F1xx_HAL_Driver/Src/stm32f1xx_hal_cortex.o
 .text.__NVIC_SetPriority
                0x08000ffc       0x54 ./Drivers/STM32F1xx_HAL_Driver/Src/stm32f1xx_hal_cortex.o
 .text.NVIC_EncodePriority
                0x08001050       0x64 ./Drivers/STM32F1xx_HAL_Driver/Src/stm32f1xx_hal_cortex.o
 .text.SysTick_Config
                0x080010b4       0x44 ./Drivers/STM32F1xx_HAL_Driver/Src/stm32f1xx_hal_cortex.o
 .text.HAL_NVIC_SetPriorityGrouping
                0x080010f8       0x16 ./Drivers/STM32F1xx_HAL_Driver/Src/stm32f1xx_hal_cortex.o
                0x080010f8                HAL_NVIC_SetPriorityGrouping
 .text.HAL_NVIC_SetPriority
                0x0800110e       0x38 ./Drivers/STM32F1xx_HAL_Driver/Src/stm32f1xx_hal_cortex.o
                0x0800110e                HAL_NVIC_SetPriority
 .text.HAL_NVIC_EnableIRQ
                0x08001146       0x1c ./Drivers/STM32F1xx_HAL_Driver/Src/stm32f1xx_hal_cortex.o
                0x08001146                HAL_NVIC_EnableIRQ
 .text.HAL_SYSTICK_Config
                0x08001162       0x18 ./Drivers/STM32F1xx_HAL_Driver/Src/stm32f1xx_hal_cortex.o
                0x08001162                HAL_SYSTICK_Config
 *fill*         0x0800117a        0x2 
 .text.HAL_GPIO_Init
                0x0800117c      0x308 ./Drivers/STM32F1xx_HAL_Driver/Src/stm32f1xx_hal_gpio.o
                0x0800117c                HAL_GPIO_Init
 .text.HAL_GPIO_WritePin
                0x08001484       0x30 ./Drivers/STM32F1xx_HAL_Driver/Src/stm32f1xx_hal_gpio.o
                0x08001484                HAL_GPIO_WritePin
 .text.HAL_GPIO_EXTI_IRQHandler
                0x080014b4       0x30 ./Drivers/STM32F1xx_HAL_Driver/Src/stm32f1xx_hal_gpio.o
                0x080014b4                HAL_GPIO_EXTI_IRQHandler
 .text.HAL_GPIO_EXTI_Callback
                0x080014e4       0x14 ./Drivers/STM32F1xx_HAL_Driver/Src/stm32f1xx_hal_gpio.o
                0x080014e4                HAL_GPIO_EXTI_Callback
 .text.HAL_RCC_OscConfig
                0x080014f8      0x504 ./Drivers/STM32F1xx_HAL_Driver/Src/stm32f1xx_hal_rcc.o
                0x080014f8                HAL_RCC_OscConfig
 .text.HAL_RCC_ClockConfig
                0x080019fc      0x1d4 ./Drivers/STM32F1xx_HAL_Driver/Src/stm32f1xx_hal_rcc.o
                0x080019fc                HAL_RCC_ClockConfig
 .text.HAL_RCC_GetSysClockFreq
                0x08001bd0       0xa8 ./Drivers/STM32F1xx_HAL_Driver/Src/stm32f1xx_hal_rcc.o
                0x08001bd0                HAL_RCC_GetSysClockFreq
 .text.HAL_RCC_GetHCLKFreq
                0x08001c78       0x14 ./Drivers/STM32F1xx_HAL_Driver/Src/stm32f1xx_hal_rcc.o
                0x08001c78                HAL_RCC_GetHCLKFreq
 .text.HAL_RCC_GetPCLK1Freq
                0x08001c8c       0x28 ./Drivers/STM32F1xx_HAL_Driver/Src/stm32f1xx_hal_rcc.o
                0x08001c8c                HAL_RCC_GetPCLK1Freq
 .text.HAL_RCC_GetPCLK2Freq
                0x08001cb4       0x28 ./Drivers/STM32F1xx_HAL_Driver/Src/stm32f1xx_hal_rcc.o
                0x08001cb4                HAL_RCC_GetPCLK2Freq
 .text.RCC_Delay
                0x08001cdc       0x3c ./Drivers/STM32F1xx_HAL_Driver/Src/stm32f1xx_hal_rcc.o
 .text.HAL_TIM_Base_Init
                0x08001d18       0x9e ./Drivers/STM32F1xx_HAL_Driver/Src/stm32f1xx_hal_tim.o
                0x08001d18                HAL_TIM_Base_Init
 *fill*         0x08001db6        0x2 
 .text.HAL_TIM_Base_Start_IT
                0x08001db8       0xa4 ./Drivers/STM32F1xx_HAL_Driver/Src/stm32f1xx_hal_tim.o
                0x08001db8                HAL_TIM_Base_Start_IT
 .text.HAL_TIM_PWM_Init
                0x08001e5c       0x9e ./Drivers/STM32F1xx_HAL_Driver/Src/stm32f1xx_hal_tim.o
                0x08001e5c                HAL_TIM_PWM_Init
 *fill*         0x08001efa        0x2 
 .text.HAL_TIM_PWM_Start
                0x08001efc      0x144 ./Drivers/STM32F1xx_HAL_Driver/Src/stm32f1xx_hal_tim.o
                0x08001efc                HAL_TIM_PWM_Start
 .text.HAL_TIM_IRQHandler
                0x08002040      0x1e0 ./Drivers/STM32F1xx_HAL_Driver/Src/stm32f1xx_hal_tim.o
                0x08002040                HAL_TIM_IRQHandler
 .text.HAL_TIM_PWM_ConfigChannel
                0x08002220      0x184 ./Drivers/STM32F1xx_HAL_Driver/Src/stm32f1xx_hal_tim.o
                0x08002220                HAL_TIM_PWM_ConfigChannel
 .text.HAL_TIM_ConfigClockSource
                0x080023a4      0x18e ./Drivers/STM32F1xx_HAL_Driver/Src/stm32f1xx_hal_tim.o
                0x080023a4                HAL_TIM_ConfigClockSource
 .text.HAL_TIM_OC_DelayElapsedCallback
                0x08002532       0x12 ./Drivers/STM32F1xx_HAL_Driver/Src/stm32f1xx_hal_tim.o
                0x08002532                HAL_TIM_OC_DelayElapsedCallback
 .text.HAL_TIM_IC_CaptureCallback
                0x08002544       0x12 ./Drivers/STM32F1xx_HAL_Driver/Src/stm32f1xx_hal_tim.o
                0x08002544                HAL_TIM_IC_CaptureCallback
 .text.HAL_TIM_PWM_PulseFinishedCallback
                0x08002556       0x12 ./Drivers/STM32F1xx_HAL_Driver/Src/stm32f1xx_hal_tim.o
                0x08002556                HAL_TIM_PWM_PulseFinishedCallback
 .text.HAL_TIM_TriggerCallback
                0x08002568       0x12 ./Drivers/STM32F1xx_HAL_Driver/Src/stm32f1xx_hal_tim.o
                0x08002568                HAL_TIM_TriggerCallback
 *fill*         0x0800257a        0x2 
 .text.TIM_Base_SetConfig
                0x0800257c       0xdc ./Drivers/STM32F1xx_HAL_Driver/Src/stm32f1xx_hal_tim.o
                0x0800257c                TIM_Base_SetConfig
 .text.TIM_OC1_SetConfig
                0x08002658       0xcc ./Drivers/STM32F1xx_HAL_Driver/Src/stm32f1xx_hal_tim.o
 .text.TIM_OC2_SetConfig
                0x08002724       0xd4 ./Drivers/STM32F1xx_HAL_Driver/Src/stm32f1xx_hal_tim.o
                0x08002724                TIM_OC2_SetConfig
 .text.TIM_OC3_SetConfig
                0x080027f8       0xd4 ./Drivers/STM32F1xx_HAL_Driver/Src/stm32f1xx_hal_tim.o
 .text.TIM_OC4_SetConfig
                0x080028cc       0x9c ./Drivers/STM32F1xx_HAL_Driver/Src/stm32f1xx_hal_tim.o
 .text.TIM_TI1_ConfigInputStage
                0x08002968       0x5c ./Drivers/STM32F1xx_HAL_Driver/Src/stm32f1xx_hal_tim.o
 .text.TIM_TI2_ConfigInputStage
                0x080029c4       0x5e ./Drivers/STM32F1xx_HAL_Driver/Src/stm32f1xx_hal_tim.o
 .text.TIM_ITRx_SetConfig
                0x08002a22       0x34 ./Drivers/STM32F1xx_HAL_Driver/Src/stm32f1xx_hal_tim.o
 .text.TIM_ETR_SetConfig
                0x08002a56       0x3e ./Drivers/STM32F1xx_HAL_Driver/Src/stm32f1xx_hal_tim.o
                0x08002a56                TIM_ETR_SetConfig
 .text.TIM_CCxChannelCmd
                0x08002a94       0x48 ./Drivers/STM32F1xx_HAL_Driver/Src/stm32f1xx_hal_tim.o
                0x08002a94                TIM_CCxChannelCmd
 .text.HAL_TIMEx_PWMN_Start
                0x08002adc      0x13c ./Drivers/STM32F1xx_HAL_Driver/Src/stm32f1xx_hal_tim_ex.o
                0x08002adc                HAL_TIMEx_PWMN_Start
 .text.HAL_TIMEx_MasterConfigSynchronization
                0x08002c18       0xbc ./Drivers/STM32F1xx_HAL_Driver/Src/stm32f1xx_hal_tim_ex.o
                0x08002c18                HAL_TIMEx_MasterConfigSynchronization
 .text.HAL_TIMEx_ConfigBreakDeadTime
                0x08002cd4       0xa2 ./Drivers/STM32F1xx_HAL_Driver/Src/stm32f1xx_hal_tim_ex.o
                0x08002cd4                HAL_TIMEx_ConfigBreakDeadTime
 .text.HAL_TIMEx_CommutCallback
                0x08002d76       0x12 ./Drivers/STM32F1xx_HAL_Driver/Src/stm32f1xx_hal_tim_ex.o
                0x08002d76                HAL_TIMEx_CommutCallback
 .text.HAL_TIMEx_BreakCallback
                0x08002d88       0x12 ./Drivers/STM32F1xx_HAL_Driver/Src/stm32f1xx_hal_tim_ex.o
                0x08002d88                HAL_TIMEx_BreakCallback
 .text.TIM_CCxNChannelCmd
                0x08002d9a       0x48 ./Drivers/STM32F1xx_HAL_Driver/Src/stm32f1xx_hal_tim_ex.o
 .text.HAL_UART_Init
                0x08002de2       0xa0 ./Drivers/STM32F1xx_HAL_Driver/Src/stm32f1xx_hal_uart.o
                0x08002de2                HAL_UART_Init
 *fill*         0x08002e82        0x2 
 .text.UART_SetConfig
                0x08002e84      0x11c ./Drivers/STM32F1xx_HAL_Driver/Src/stm32f1xx_hal_uart.o
 .text.memset   0x08002fa0       0x10 C:/ST/STM32CubeIDE_1.17.0/STM32CubeIDE/plugins/com.st.stm32cube.ide.mcu.externaltools.gnu-tools-for-stm32.12.3.rel1.win32_1.1.0.202410251130/tools/bin/../lib/gcc/arm-none-eabi/12.3.1/../../../../arm-none-eabi/lib/thumb/v7-m/nofp\libc_nano.a(libc_a-memset.o)
                0x08002fa0                memset
 .text.__libc_init_array
                0x08002fb0       0x48 C:/ST/STM32CubeIDE_1.17.0/STM32CubeIDE/plugins/com.st.stm32cube.ide.mcu.externaltools.gnu-tools-for-stm32.12.3.rel1.win32_1.1.0.202410251130/tools/bin/../lib/gcc/arm-none-eabi/12.3.1/../../../../arm-none-eabi/lib/thumb/v7-m/nofp\libc_nano.a(libc_a-init.o)
                0x08002fb0                __libc_init_array
 *(.glue_7)
 .glue_7        0x08002ff8        0x0 linker stubs
 *(.glue_7t)
 .glue_7t       0x08002ff8        0x0 linker stubs
 *(.eh_frame)
 .eh_frame      0x08002ff8        0x0 C:/ST/STM32CubeIDE_1.17.0/STM32CubeIDE/plugins/com.st.stm32cube.ide.mcu.externaltools.gnu-tools-for-stm32.12.3.rel1.win32_1.1.0.202410251130/tools/bin/../lib/gcc/arm-none-eabi/12.3.1/thumb/v7-m/nofp/crtbegin.o
 *(.init)
 .init          0x08002ff8        0x4 C:/ST/STM32CubeIDE_1.17.0/STM32CubeIDE/plugins/com.st.stm32cube.ide.mcu.externaltools.gnu-tools-for-stm32.12.3.rel1.win32_1.1.0.202410251130/tools/bin/../lib/gcc/arm-none-eabi/12.3.1/thumb/v7-m/nofp/crti.o
                0x08002ff8                _init
 .init          0x08002ffc        0x8 C:/ST/STM32CubeIDE_1.17.0/STM32CubeIDE/plugins/com.st.stm32cube.ide.mcu.externaltools.gnu-tools-for-stm32.12.3.rel1.win32_1.1.0.202410251130/tools/bin/../lib/gcc/arm-none-eabi/12.3.1/thumb/v7-m/nofp/crtn.o
 *(.fini)
 .fini          0x08003004        0x4 C:/ST/STM32CubeIDE_1.17.0/STM32CubeIDE/plugins/com.st.stm32cube.ide.mcu.externaltools.gnu-tools-for-stm32.12.3.rel1.win32_1.1.0.202410251130/tools/bin/../lib/gcc/arm-none-eabi/12.3.1/thumb/v7-m/nofp/crti.o
                0x08003004                _fini
 .fini          0x08003008        0x8 C:/ST/STM32CubeIDE_1.17.0/STM32CubeIDE/plugins/com.st.stm32cube.ide.mcu.externaltools.gnu-tools-for-stm32.12.3.rel1.win32_1.1.0.202410251130/tools/bin/../lib/gcc/arm-none-eabi/12.3.1/thumb/v7-m/nofp/crtn.o
                0x08003010                        . = ALIGN (0x4)
                0x08003010                        _etext = .

.vfp11_veneer   0x08003010        0x0
 .vfp11_veneer  0x08003010        0x0 linker stubs

.v4_bx          0x08003010        0x0
 .v4_bx         0x08003010        0x0 linker stubs

.iplt           0x08003010        0x0
 .iplt          0x08003010        0x0 C:/ST/STM32CubeIDE_1.17.0/STM32CubeIDE/plugins/com.st.stm32cube.ide.mcu.externaltools.gnu-tools-for-stm32.12.3.rel1.win32_1.1.0.202410251130/tools/bin/../lib/gcc/arm-none-eabi/12.3.1/thumb/v7-m/nofp/crtbegin.o

.rodata         0x08003010       0x2c
                0x08003010                        . = ALIGN (0x4)
 *(.rodata)
 *(.rodata*)
 .rodata.AHBPrescTable
                0x08003010       0x10 ./Core/Src/system_stm32f1xx.o
                0x08003010                AHBPrescTable
 .rodata.APBPrescTable
                0x08003020        0x8 ./Core/Src/system_stm32f1xx.o
                0x08003020                APBPrescTable
 .rodata.aPLLMULFactorTable.1
                0x08003028       0x10 ./Drivers/STM32F1xx_HAL_Driver/Src/stm32f1xx_hal_rcc.o
 .rodata.aPredivFactorTable.0
                0x08003038        0x2 ./Drivers/STM32F1xx_HAL_Driver/Src/stm32f1xx_hal_rcc.o
                0x0800303c                        . = ALIGN (0x4)
 *fill*         0x0800303a        0x2 

.ARM.extab      0x0800303c        0x0
                0x0800303c                        . = ALIGN (0x4)
 *(.ARM.extab* .gnu.linkonce.armextab.*)
                0x0800303c                        . = ALIGN (0x4)

.ARM            0x0800303c        0x0
                0x0800303c                        . = ALIGN (0x4)
                0x0800303c                        __exidx_start = .
 *(.ARM.exidx*)
                0x0800303c                        __exidx_end = .
                0x0800303c                        . = ALIGN (0x4)

.preinit_array  0x0800303c        0x0
                0x0800303c                        . = ALIGN (0x4)
                0x0800303c                        PROVIDE (__preinit_array_start = .)
 *(.preinit_array*)
                0x0800303c                        PROVIDE (__preinit_array_end = .)
                0x0800303c                        . = ALIGN (0x4)

.init_array     0x0800303c        0x4
                0x0800303c                        . = ALIGN (0x4)
                0x0800303c                        PROVIDE (__init_array_start = .)
 *(SORT_BY_NAME(.init_array.*))
 *(.init_array*)
 .init_array    0x0800303c        0x4 C:/ST/STM32CubeIDE_1.17.0/STM32CubeIDE/plugins/com.st.stm32cube.ide.mcu.externaltools.gnu-tools-for-stm32.12.3.rel1.win32_1.1.0.202410251130/tools/bin/../lib/gcc/arm-none-eabi/12.3.1/thumb/v7-m/nofp/crtbegin.o
                0x08003040                        PROVIDE (__init_array_end = .)
                0x08003040                        . = ALIGN (0x4)

.fini_array     0x08003040        0x4
                0x08003040                        . = ALIGN (0x4)
                [!provide]                        PROVIDE (__fini_array_start = .)
 *(SORT_BY_NAME(.fini_array.*))
 *(.fini_array*)
 .fini_array    0x08003040        0x4 C:/ST/STM32CubeIDE_1.17.0/STM32CubeIDE/plugins/com.st.stm32cube.ide.mcu.externaltools.gnu-tools-for-stm32.12.3.rel1.win32_1.1.0.202410251130/tools/bin/../lib/gcc/arm-none-eabi/12.3.1/thumb/v7-m/nofp/crtbegin.o
                [!provide]                        PROVIDE (__fini_array_end = .)
                0x08003044                        . = ALIGN (0x4)
                0x08003044                        _sidata = LOADADDR (.data)

.rel.dyn        0x08003044        0x0
 .rel.iplt      0x08003044        0x0 C:/ST/STM32CubeIDE_1.17.0/STM32CubeIDE/plugins/com.st.stm32cube.ide.mcu.externaltools.gnu-tools-for-stm32.12.3.rel1.win32_1.1.0.202410251130/tools/bin/../lib/gcc/arm-none-eabi/12.3.1/thumb/v7-m/nofp/crtbegin.o

.data           0x20000000       0x34 load address 0x08003044
                0x20000000                        . = ALIGN (0x4)
                0x20000000                        _sdata = .
 *(.data)
 *(.data*)
 .data.taskTable
                0x20000000       0x28 ./Core/Src/main.o
                0x20000000                taskTable
 .data.SystemCoreClock
                0x20000028        0x4 ./Core/Src/system_stm32f1xx.o
                0x20000028                SystemCoreClock
 .data.uwTickPrio
                0x2000002c        0x4 ./Drivers/STM32F1xx_HAL_Driver/Src/stm32f1xx_hal.o
                0x2000002c                uwTickPrio
 .data.uwTickFreq
                0x20000030        0x1 ./Drivers/STM32F1xx_HAL_Driver/Src/stm32f1xx_hal.o
                0x20000030                uwTickFreq
 *(.RamFunc)
 *(.RamFunc*)
                0x20000034                        . = ALIGN (0x4)
 *fill*         0x20000031        0x3 
                0x20000034                        _edata = .

.igot.plt       0x20000034        0x0 load address 0x08003078
 .igot.plt      0x20000034        0x0 C:/ST/STM32CubeIDE_1.17.0/STM32CubeIDE/plugins/com.st.stm32cube.ide.mcu.externaltools.gnu-tools-for-stm32.12.3.rel1.win32_1.1.0.202410251130/tools/bin/../lib/gcc/arm-none-eabi/12.3.1/thumb/v7-m/nofp/crtbegin.o
                0x20000034                        . = ALIGN (0x4)

.bss            0x20000034      0x190 load address 0x08003078
                0x20000034                        _sbss = .
                0x20000034                        __bss_start__ = _sbss
 *(.bss)
 .bss           0x20000034       0x1c C:/ST/STM32CubeIDE_1.17.0/STM32CubeIDE/plugins/com.st.stm32cube.ide.mcu.externaltools.gnu-tools-for-stm32.12.3.rel1.win32_1.1.0.202410251130/tools/bin/../lib/gcc/arm-none-eabi/12.3.1/thumb/v7-m/nofp/crtbegin.o
 *(.bss*)
 .bss.htim1     0x20000050       0x48 ./Core/Src/main.o
                0x20000050                htim1
 .bss.htim2     0x20000098       0x48 ./Core/Src/main.o
                0x20000098                htim2
 .bss.htim3     0x200000e0       0x48 ./Core/Src/main.o
                0x200000e0                htim3
 .bss.htim4     0x20000128       0x48 ./Core/Src/main.o
                0x20000128                htim4
 .bss.huart2    0x20000170       0x48 ./Core/Src/main.o
                0x20000170                huart2
 .bss.i.1       0x200001b8        0x4 ./Core/Src/main.o
 .bss.i.0       0x200001bc        0x4 ./Core/Src/main.o
 .bss.uwTick    0x200001c0        0x4 ./Drivers/STM32F1xx_HAL_Driver/Src/stm32f1xx_hal.o
                0x200001c0                uwTick
 *(COMMON)
                0x200001c4                        . = ALIGN (0x4)
                0x200001c4                        _ebss = .
                0x200001c4                        __bss_end__ = _ebss

._user_heap_stack
                0x200001c4      0x604 load address 0x08003078
                0x200001c8                        . = ALIGN (0x8)
 *fill*         0x200001c4        0x4 
                [!provide]                        PROVIDE (end = .)
                0x200001c8                        PROVIDE (_end = .)
                0x200003c8                        . = (. + _Min_Heap_Size)
 *fill*         0x200001c8      0x200 
                0x200007c8                        . = (. + _Min_Stack_Size)
 *fill*         0x200003c8      0x400 
                0x200007c8                        . = ALIGN (0x8)

/DISCARD/
 libc.a(*)
 libm.a(*)
 libgcc.a(*)

.ARM.attributes
                0x00000000       0x29
 *(.ARM.attributes)
 .ARM.attributes
                0x00000000       0x1d C:/ST/STM32CubeIDE_1.17.0/STM32CubeIDE/plugins/com.st.stm32cube.ide.mcu.externaltools.gnu-tools-for-stm32.12.3.rel1.win32_1.1.0.202410251130/tools/bin/../lib/gcc/arm-none-eabi/12.3.1/thumb/v7-m/nofp/crti.o
 .ARM.attributes
                0x0000001d       0x2d C:/ST/STM32CubeIDE_1.17.0/STM32CubeIDE/plugins/com.st.stm32cube.ide.mcu.externaltools.gnu-tools-for-stm32.12.3.rel1.win32_1.1.0.202410251130/tools/bin/../lib/gcc/arm-none-eabi/12.3.1/thumb/v7-m/nofp/crtbegin.o
 .ARM.attributes
                0x0000004a       0x2d ./Core/Src/buzzer_driver.o
 .ARM.attributes
                0x00000077       0x2d ./Core/Src/fan_driver.o
 .ARM.attributes
                0x000000a4       0x2d ./Core/Src/led_driver.o
 .ARM.attributes
                0x000000d1       0x2d ./Core/Src/main.o
 .ARM.attributes
                0x000000fe       0x2d ./Core/Src/rgb_driver.o
 .ARM.attributes
                0x0000012b       0x2d ./Core/Src/scheduler_stm.o
 .ARM.attributes
                0x00000158       0x2d ./Core/Src/stm32f1xx_hal_msp.o
 .ARM.attributes
                0x00000185       0x2d ./Core/Src/stm32f1xx_it.o
 .ARM.attributes
                0x000001b2       0x2d ./Core/Src/system_stm32f1xx.o
 .ARM.attributes
                0x000001df       0x21 ./Core/Startup/startup_stm32f103rbtx.o
 .ARM.attributes
                0x00000200       0x2d ./Drivers/STM32F1xx_HAL_Driver/Src/stm32f1xx_hal.o
 .ARM.attributes
                0x0000022d       0x2d ./Drivers/STM32F1xx_HAL_Driver/Src/stm32f1xx_hal_cortex.o
 .ARM.attributes
                0x0000025a       0x2d ./Drivers/STM32F1xx_HAL_Driver/Src/stm32f1xx_hal_gpio.o
 .ARM.attributes
                0x00000287       0x2d ./Drivers/STM32F1xx_HAL_Driver/Src/stm32f1xx_hal_rcc.o
 .ARM.attributes
                0x000002b4       0x2d ./Drivers/STM32F1xx_HAL_Driver/Src/stm32f1xx_hal_tim.o
 .ARM.attributes
                0x000002e1       0x2d ./Drivers/STM32F1xx_HAL_Driver/Src/stm32f1xx_hal_tim_ex.o
 .ARM.attributes
                0x0000030e       0x2d ./Drivers/STM32F1xx_HAL_Driver/Src/stm32f1xx_hal_uart.o
 .ARM.attributes
                0x0000033b       0x2d C:/ST/STM32CubeIDE_1.17.0/STM32CubeIDE/plugins/com.st.stm32cube.ide.mcu.externaltools.gnu-tools-for-stm32.12.3.rel1.win32_1.1.0.202410251130/tools/bin/../lib/gcc/arm-none-eabi/12.3.1/../../../../arm-none-eabi/lib/thumb/v7-m/nofp\libc_nano.a(libc_a-memset.o)
 .ARM.attributes
                0x00000368       0x2d C:/ST/STM32CubeIDE_1.17.0/STM32CubeIDE/plugins/com.st.stm32cube.ide.mcu.externaltools.gnu-tools-for-stm32.12.3.rel1.win32_1.1.0.202410251130/tools/bin/../lib/gcc/arm-none-eabi/12.3.1/../../../../arm-none-eabi/lib/thumb/v7-m/nofp\libc_nano.a(libc_a-init.o)
 .ARM.attributes
                0x00000395       0x1d C:/ST/STM32CubeIDE_1.17.0/STM32CubeIDE/plugins/com.st.stm32cube.ide.mcu.externaltools.gnu-tools-for-stm32.12.3.rel1.win32_1.1.0.202410251130/tools/bin/../lib/gcc/arm-none-eabi/12.3.1/thumb/v7-m/nofp/crtn.o
OUTPUT(STM32_act.elf elf32-littlearm)
LOAD linker stubs
LOAD C:/ST/STM32CubeIDE_1.17.0/STM32CubeIDE/plugins/com.st.stm32cube.ide.mcu.externaltools.gnu-tools-for-stm32.12.3.rel1.win32_1.1.0.202410251130/tools/bin/../lib/gcc/arm-none-eabi/12.3.1/../../../../arm-none-eabi/lib/thumb/v7-m/nofp\libc.a
LOAD C:/ST/STM32CubeIDE_1.17.0/STM32CubeIDE/plugins/com.st.stm32cube.ide.mcu.externaltools.gnu-tools-for-stm32.12.3.rel1.win32_1.1.0.202410251130/tools/bin/../lib/gcc/arm-none-eabi/12.3.1/../../../../arm-none-eabi/lib/thumb/v7-m/nofp\libm.a
LOAD C:/ST/STM32CubeIDE_1.17.0/STM32CubeIDE/plugins/com.st.stm32cube.ide.mcu.externaltools.gnu-tools-for-stm32.12.3.rel1.win32_1.1.0.202410251130/tools/bin/../lib/gcc/arm-none-eabi/12.3.1/thumb/v7-m/nofp\libgcc.a

.debug_info     0x00000000     0xd51d
 .debug_info    0x00000000      0x712 ./Core/Src/buzzer_driver.o
 .debug_info    0x00000712      0x78f ./Core/Src/fan_driver.o
 .debug_info    0x00000ea1      0x1c4 ./Core/Src/led_driver.o
 .debug_info    0x00001065     0x130e ./Core/Src/main.o
 .debug_info    0x00002373      0x6be ./Core/Src/rgb_driver.o
 .debug_info    0x00002a31      0x732 ./Core/Src/scheduler_stm.o
 .debug_info    0x00003163      0xea1 ./Core/Src/stm32f1xx_hal_msp.o
 .debug_info    0x00004004      0x6db ./Core/Src/stm32f1xx_it.o
 .debug_info    0x000046df      0x222 ./Core/Src/system_stm32f1xx.o
 .debug_info    0x00004901       0x30 ./Core/Startup/startup_stm32f103rbtx.o
 .debug_info    0x00004931      0x704 ./Drivers/STM32F1xx_HAL_Driver/Src/stm32f1xx_hal.o
 .debug_info    0x00005035      0xa87 ./Drivers/STM32F1xx_HAL_Driver/Src/stm32f1xx_hal_cortex.o
 .debug_info    0x00005abc      0x5ab ./Drivers/STM32F1xx_HAL_Driver/Src/stm32f1xx_hal_gpio.o
 .debug_info    0x00006067      0x7d5 ./Drivers/STM32F1xx_HAL_Driver/Src/stm32f1xx_hal_rcc.o
 .debug_info    0x0000683c     0x2959 ./Drivers/STM32F1xx_HAL_Driver/Src/stm32f1xx_hal_tim.o
 .debug_info    0x00009195     0x149b ./Drivers/STM32F1xx_HAL_Driver/Src/stm32f1xx_hal_tim_ex.o
 .debug_info    0x0000a630     0x2eed ./Drivers/STM32F1xx_HAL_Driver/Src/stm32f1xx_hal_uart.o

.debug_abbrev   0x00000000     0x21d8
 .debug_abbrev  0x00000000      0x1bd ./Core/Src/buzzer_driver.o
 .debug_abbrev  0x000001bd      0x1c2 ./Core/Src/fan_driver.o
 .debug_abbrev  0x0000037f      0x10d ./Core/Src/led_driver.o
 .debug_abbrev  0x0000048c      0x308 ./Core/Src/main.o
 .debug_abbrev  0x00000794      0x1bb ./Core/Src/rgb_driver.o
 .debug_abbrev  0x0000094f      0x1de ./Core/Src/scheduler_stm.o
 .debug_abbrev  0x00000b2d      0x23b ./Core/Src/stm32f1xx_hal_msp.o
 .debug_abbrev  0x00000d68      0x1a6 ./Core/Src/stm32f1xx_it.o
 .debug_abbrev  0x00000f0e      0x13f ./Core/Src/system_stm32f1xx.o
 .debug_abbrev  0x0000104d       0x24 ./Core/Startup/startup_stm32f103rbtx.o
 .debug_abbrev  0x00001071      0x201 ./Drivers/STM32F1xx_HAL_Driver/Src/stm32f1xx_hal.o
 .debug_abbrev  0x00001272      0x2f8 ./Drivers/STM32F1xx_HAL_Driver/Src/stm32f1xx_hal_cortex.o
 .debug_abbrev  0x0000156a      0x1ca ./Drivers/STM32F1xx_HAL_Driver/Src/stm32f1xx_hal_gpio.o
 .debug_abbrev  0x00001734      0x2b3 ./Drivers/STM32F1xx_HAL_Driver/Src/stm32f1xx_hal_rcc.o
 .debug_abbrev  0x000019e7      0x277 ./Drivers/STM32F1xx_HAL_Driver/Src/stm32f1xx_hal_tim.o
 .debug_abbrev  0x00001c5e      0x282 ./Drivers/STM32F1xx_HAL_Driver/Src/stm32f1xx_hal_tim_ex.o
 .debug_abbrev  0x00001ee0      0x2f8 ./Drivers/STM32F1xx_HAL_Driver/Src/stm32f1xx_hal_uart.o

.debug_aranges  0x00000000      0xc98
 .debug_aranges
                0x00000000       0x40 ./Core/Src/buzzer_driver.o
 .debug_aranges
                0x00000040       0x40 ./Core/Src/fan_driver.o
 .debug_aranges
                0x00000080       0x28 ./Core/Src/led_driver.o
 .debug_aranges
                0x000000a8       0x70 ./Core/Src/main.o
 .debug_aranges
                0x00000118       0x28 ./Core/Src/rgb_driver.o
 .debug_aranges
                0x00000140       0x38 ./Core/Src/scheduler_stm.o
 .debug_aranges
                0x00000178       0x58 ./Core/Src/stm32f1xx_hal_msp.o
 .debug_aranges
                0x000001d0       0x70 ./Core/Src/stm32f1xx_it.o
 .debug_aranges
                0x00000240       0x28 ./Core/Src/system_stm32f1xx.o
 .debug_aranges
                0x00000268       0x28 ./Core/Startup/startup_stm32f103rbtx.o
 .debug_aranges
                0x00000290       0xe0 ./Drivers/STM32F1xx_HAL_Driver/Src/stm32f1xx_hal.o
 .debug_aranges
                0x00000370      0x100 ./Drivers/STM32F1xx_HAL_Driver/Src/stm32f1xx_hal_cortex.o
 .debug_aranges
                0x00000470       0x58 ./Drivers/STM32F1xx_HAL_Driver/Src/stm32f1xx_hal_gpio.o
 .debug_aranges
                0x000004c8       0x90 ./Drivers/STM32F1xx_HAL_Driver/Src/stm32f1xx_hal_rcc.o
 .debug_aranges
                0x00000558      0x3d0 ./Drivers/STM32F1xx_HAL_Driver/Src/stm32f1xx_hal_tim.o
 .debug_aranges
                0x00000928      0x168 ./Drivers/STM32F1xx_HAL_Driver/Src/stm32f1xx_hal_tim_ex.o
 .debug_aranges
                0x00000a90      0x208 ./Drivers/STM32F1xx_HAL_Driver/Src/stm32f1xx_hal_uart.o

.debug_rnglists
                0x00000000      0x9c6
 .debug_rnglists
                0x00000000       0x2b ./Core/Src/buzzer_driver.o
 .debug_rnglists
                0x0000002b       0x2b ./Core/Src/fan_driver.o
 .debug_rnglists
                0x00000056       0x19 ./Core/Src/led_driver.o
 .debug_rnglists
                0x0000006f       0x54 ./Core/Src/main.o
 .debug_rnglists
                0x000000c3       0x19 ./Core/Src/rgb_driver.o
 .debug_rnglists
                0x000000dc       0x26 ./Core/Src/scheduler_stm.o
 .debug_rnglists
                0x00000102       0x3e ./Core/Src/stm32f1xx_hal_msp.o
 .debug_rnglists
                0x00000140       0x4f ./Core/Src/stm32f1xx_it.o
 .debug_rnglists
                0x0000018f       0x1a ./Core/Src/system_stm32f1xx.o
 .debug_rnglists
                0x000001a9       0x19 ./Core/Startup/startup_stm32f103rbtx.o
 .debug_rnglists
                0x000001c2       0xa3 ./Drivers/STM32F1xx_HAL_Driver/Src/stm32f1xx_hal.o
 .debug_rnglists
                0x00000265       0xbb ./Drivers/STM32F1xx_HAL_Driver/Src/stm32f1xx_hal_cortex.o
 .debug_rnglists
                0x00000320       0x3f ./Drivers/STM32F1xx_HAL_Driver/Src/stm32f1xx_hal_gpio.o
 .debug_rnglists
                0x0000035f       0x6c ./Drivers/STM32F1xx_HAL_Driver/Src/stm32f1xx_hal_rcc.o
 .debug_rnglists
                0x000003cb      0x31a ./Drivers/STM32F1xx_HAL_Driver/Src/stm32f1xx_hal_tim.o
 .debug_rnglists
                0x000006e5      0x125 ./Drivers/STM32F1xx_HAL_Driver/Src/stm32f1xx_hal_tim_ex.o
 .debug_rnglists
                0x0000080a      0x1bc ./Drivers/STM32F1xx_HAL_Driver/Src/stm32f1xx_hal_uart.o

.debug_macro    0x00000000    0x1745d
 .debug_macro   0x00000000      0x1ee ./Core/Src/buzzer_driver.o
 .debug_macro   0x000001ee      0xaa8 ./Core/Src/buzzer_driver.o
 .debug_macro   0x00000c96      0x21b ./Core/Src/buzzer_driver.o
 .debug_macro   0x00000eb1       0x2e ./Core/Src/buzzer_driver.o
 .debug_macro   0x00000edf       0x22 ./Core/Src/buzzer_driver.o
 .debug_macro   0x00000f01       0x22 ./Core/Src/buzzer_driver.o
 .debug_macro   0x00000f23       0x8e ./Core/Src/buzzer_driver.o
 .debug_macro   0x00000fb1       0x51 ./Core/Src/buzzer_driver.o
 .debug_macro   0x00001002      0x103 ./Core/Src/buzzer_driver.o
 .debug_macro   0x00001105       0x6a ./Core/Src/buzzer_driver.o
 .debug_macro   0x0000116f      0x1df ./Core/Src/buzzer_driver.o
 .debug_macro   0x0000134e       0x1c ./Core/Src/buzzer_driver.o
 .debug_macro   0x0000136a       0x22 ./Core/Src/buzzer_driver.o
 .debug_macro   0x0000138c       0xbd ./Core/Src/buzzer_driver.o
 .debug_macro   0x00001449      0xd23 ./Core/Src/buzzer_driver.o
 .debug_macro   0x0000216c     0xe09e ./Core/Src/buzzer_driver.o
 .debug_macro   0x0001020a       0x6d ./Core/Src/buzzer_driver.o
 .debug_macro   0x00010277     0x34a2 ./Core/Src/buzzer_driver.o
 .debug_macro   0x00013719      0x189 ./Core/Src/buzzer_driver.o
 .debug_macro   0x000138a2       0x5c ./Core/Src/buzzer_driver.o
 .debug_macro   0x000138fe      0x5bc ./Core/Src/buzzer_driver.o
 .debug_macro   0x00013eba      0x289 ./Core/Src/buzzer_driver.o
 .debug_macro   0x00014143      0x1cb ./Core/Src/buzzer_driver.o
 .debug_macro   0x0001430e      0x114 ./Core/Src/buzzer_driver.o
 .debug_macro   0x00014422      0x1b2 ./Core/Src/buzzer_driver.o
 .debug_macro   0x000145d4       0x27 ./Core/Src/buzzer_driver.o
 .debug_macro   0x000145fb      0x136 ./Core/Src/buzzer_driver.o
 .debug_macro   0x00014731      0x1bc ./Core/Src/buzzer_driver.o
 .debug_macro   0x000148ed       0x34 ./Core/Src/buzzer_driver.o
 .debug_macro   0x00014921       0x3c ./Core/Src/buzzer_driver.o
 .debug_macro   0x0001495d       0x57 ./Core/Src/buzzer_driver.o
 .debug_macro   0x000149b4       0x87 ./Core/Src/buzzer_driver.o
 .debug_macro   0x00014a3b      0x240 ./Core/Src/buzzer_driver.o
 .debug_macro   0x00014c7b      0x140 ./Core/Src/buzzer_driver.o
 .debug_macro   0x00014dbb      0x8ed ./Core/Src/buzzer_driver.o
 .debug_macro   0x000156a8      0x28e ./Core/Src/buzzer_driver.o
 .debug_macro   0x00015936       0x83 ./Core/Src/buzzer_driver.o
 .debug_macro   0x000159b9       0x10 ./Core/Src/buzzer_driver.o
 .debug_macro   0x000159c9      0x1ad ./Core/Src/fan_driver.o
 .debug_macro   0x00015b76      0x1b2 ./Core/Src/led_driver.o
 .debug_macro   0x00015d28       0x10 ./Core/Src/led_driver.o
 .debug_macro   0x00015d38      0x1e1 ./Core/Src/main.o
 .debug_macro   0x00015f19       0x5e ./Core/Src/main.o
 .debug_macro   0x00015f77       0x16 ./Core/Src/main.o
 .debug_macro   0x00015f8d       0x16 ./Core/Src/main.o
 .debug_macro   0x00015fa3       0x1c ./Core/Src/main.o
 .debug_macro   0x00015fbf      0x1ad ./Core/Src/rgb_driver.o
 .debug_macro   0x0001616c      0x1b2 ./Core/Src/scheduler_stm.o
 .debug_macro   0x0001631e       0x16 ./Core/Src/scheduler_stm.o
 .debug_macro   0x00016334      0x1b2 ./Core/Src/stm32f1xx_hal_msp.o
 .debug_macro   0x000164e6      0x1bc ./Core/Src/stm32f1xx_it.o
 .debug_macro   0x000166a2      0x1a3 ./Core/Src/system_stm32f1xx.o
 .debug_macro   0x00016845      0x1c7 ./Drivers/STM32F1xx_HAL_Driver/Src/stm32f1xx_hal.o
 .debug_macro   0x00016a0c      0x1a3 ./Drivers/STM32F1xx_HAL_Driver/Src/stm32f1xx_hal_cortex.o
 .debug_macro   0x00016baf      0x20e ./Drivers/STM32F1xx_HAL_Driver/Src/stm32f1xx_hal_gpio.o
 .debug_macro   0x00016dbd      0x1b5 ./Drivers/STM32F1xx_HAL_Driver/Src/stm32f1xx_hal_rcc.o
 .debug_macro   0x00016f72      0x1a4 ./Drivers/STM32F1xx_HAL_Driver/Src/stm32f1xx_hal_tim.o
 .debug_macro   0x00017116      0x1a3 ./Drivers/STM32F1xx_HAL_Driver/Src/stm32f1xx_hal_tim_ex.o
 .debug_macro   0x000172b9      0x1a4 ./Drivers/STM32F1xx_HAL_Driver/Src/stm32f1xx_hal_uart.o

.debug_line     0x00000000     0xeb49
 .debug_line    0x00000000      0x780 ./Core/Src/buzzer_driver.o
 .debug_line    0x00000780      0x786 ./Core/Src/fan_driver.o
 .debug_line    0x00000f06      0x711 ./Core/Src/led_driver.o
 .debug_line    0x00001617      0xa6d ./Core/Src/main.o
 .debug_line    0x00002084      0x733 ./Core/Src/rgb_driver.o
 .debug_line    0x000027b7      0x7b9 ./Core/Src/scheduler_stm.o
 .debug_line    0x00002f70      0x87e ./Core/Src/stm32f1xx_hal_msp.o
 .debug_line    0x000037ee      0x7ef ./Core/Src/stm32f1xx_it.o
 .debug_line    0x00003fdd      0x77b ./Core/Src/system_stm32f1xx.o
 .debug_line    0x00004758       0x78 ./Core/Startup/startup_stm32f103rbtx.o
 .debug_line    0x000047d0      0x9a8 ./Drivers/STM32F1xx_HAL_Driver/Src/stm32f1xx_hal.o
 .debug_line    0x00005178      0xb94 ./Drivers/STM32F1xx_HAL_Driver/Src/stm32f1xx_hal_cortex.o
 .debug_line    0x00005d0c      0xa41 ./Drivers/STM32F1xx_HAL_Driver/Src/stm32f1xx_hal_gpio.o
 .debug_line    0x0000674d      0xdb1 ./Drivers/STM32F1xx_HAL_Driver/Src/stm32f1xx_hal_rcc.o
 .debug_line    0x000074fe     0x34cd ./Drivers/STM32F1xx_HAL_Driver/Src/stm32f1xx_hal_tim.o
 .debug_line    0x0000a9cb     0x18f7 ./Drivers/STM32F1xx_HAL_Driver/Src/stm32f1xx_hal_tim_ex.o
 .debug_line    0x0000c2c2     0x2887 ./Drivers/STM32F1xx_HAL_Driver/Src/stm32f1xx_hal_uart.o

.debug_str      0x00000000    0x86b02
 .debug_str     0x00000000    0x838ea ./Core/Src/buzzer_driver.o
                              0x83cb4 (size before relaxing)
 .debug_str     0x000838ea       0xd3 ./Core/Src/fan_driver.o
                              0x83c1d (size before relaxing)
 .debug_str     0x000839bd       0x78 ./Core/Src/led_driver.o
                              0x83710 (size before relaxing)
 .debug_str     0x00083a35      0xb3c ./Core/Src/main.o
                              0x84865 (size before relaxing)
 .debug_str     0x00084571       0x45 ./Core/Src/rgb_driver.o
                              0x83baf (size before relaxing)
 .debug_str     0x000845b6       0x61 ./Core/Src/scheduler_stm.o
                              0x83c25 (size before relaxing)
 .debug_str     0x00084617      0x111 ./Core/Src/stm32f1xx_hal_msp.o
                              0x8432a (size before relaxing)
 .debug_str     0x00084728      0x11a ./Core/Src/stm32f1xx_it.o
                              0x83d73 (size before relaxing)
 .debug_str     0x00084842       0x6e ./Core/Src/system_stm32f1xx.o
                              0x83706 (size before relaxing)
 .debug_str     0x000848b0       0x44 ./Core/Startup/startup_stm32f103rbtx.o
                                 0x70 (size before relaxing)
 .debug_str     0x000848f4      0x384 ./Drivers/STM32F1xx_HAL_Driver/Src/stm32f1xx_hal.o
                              0x83e39 (size before relaxing)
 .debug_str     0x00084c78      0x294 ./Drivers/STM32F1xx_HAL_Driver/Src/stm32f1xx_hal_cortex.o
                              0x83d85 (size before relaxing)
 .debug_str     0x00084f0c      0x2be ./Drivers/STM32F1xx_HAL_Driver/Src/stm32f1xx_hal_gpio.o
                              0x83a8c (size before relaxing)
 .debug_str     0x000851ca      0x229 ./Drivers/STM32F1xx_HAL_Driver/Src/stm32f1xx_hal_rcc.o
                              0x83b35 (size before relaxing)
 .debug_str     0x000853f3      0xd0d ./Drivers/STM32F1xx_HAL_Driver/Src/stm32f1xx_hal_tim.o
                              0x84b37 (size before relaxing)
 .debug_str     0x00086100      0x3cc ./Drivers/STM32F1xx_HAL_Driver/Src/stm32f1xx_hal_tim_ex.o
                              0x84343 (size before relaxing)
 .debug_str     0x000864cc      0x636 ./Drivers/STM32F1xx_HAL_Driver/Src/stm32f1xx_hal_uart.o
                              0x841a6 (size before relaxing)

.comment        0x00000000       0x43
 .comment       0x00000000       0x43 ./Core/Src/buzzer_driver.o
                                 0x44 (size before relaxing)
 .comment       0x00000043       0x44 ./Core/Src/fan_driver.o
 .comment       0x00000043       0x44 ./Core/Src/led_driver.o
 .comment       0x00000043       0x44 ./Core/Src/main.o
 .comment       0x00000043       0x44 ./Core/Src/rgb_driver.o
 .comment       0x00000043       0x44 ./Core/Src/scheduler_stm.o
 .comment       0x00000043       0x44 ./Core/Src/stm32f1xx_hal_msp.o
 .comment       0x00000043       0x44 ./Core/Src/stm32f1xx_it.o
 .comment       0x00000043       0x44 ./Core/Src/system_stm32f1xx.o
 .comment       0x00000043       0x44 ./Drivers/STM32F1xx_HAL_Driver/Src/stm32f1xx_hal.o
 .comment       0x00000043       0x44 ./Drivers/STM32F1xx_HAL_Driver/Src/stm32f1xx_hal_cortex.o
 .comment       0x00000043       0x44 ./Drivers/STM32F1xx_HAL_Driver/Src/stm32f1xx_hal_gpio.o
 .comment       0x00000043       0x44 ./Drivers/STM32F1xx_HAL_Driver/Src/stm32f1xx_hal_rcc.o
 .comment       0x00000043       0x44 ./Drivers/STM32F1xx_HAL_Driver/Src/stm32f1xx_hal_tim.o
 .comment       0x00000043       0x44 ./Drivers/STM32F1xx_HAL_Driver/Src/stm32f1xx_hal_tim_ex.o
 .comment       0x00000043       0x44 ./Drivers/STM32F1xx_HAL_Driver/Src/stm32f1xx_hal_uart.o

.debug_frame    0x00000000     0x332c
 .debug_frame   0x00000000       0xb4 ./Core/Src/buzzer_driver.o
 .debug_frame   0x000000b4       0xb0 ./Core/Src/fan_driver.o
 .debug_frame   0x00000164       0x58 ./Core/Src/led_driver.o
 .debug_frame   0x000001bc      0x170 ./Core/Src/main.o
 .debug_frame   0x0000032c       0x54 ./Core/Src/rgb_driver.o
 .debug_frame   0x00000380       0x9c ./Core/Src/scheduler_stm.o
 .debug_frame   0x0000041c      0x13c ./Core/Src/stm32f1xx_hal_msp.o
 .debug_frame   0x00000558      0x13c ./Core/Src/stm32f1xx_it.o
 .debug_frame   0x00000694       0x58 ./Core/Src/system_stm32f1xx.o
 .debug_frame   0x000006ec      0x334 ./Drivers/STM32F1xx_HAL_Driver/Src/stm32f1xx_hal.o
 .debug_frame   0x00000a20      0x428 ./Drivers/STM32F1xx_HAL_Driver/Src/stm32f1xx_hal_cortex.o
 .debug_frame   0x00000e48      0x14c ./Drivers/STM32F1xx_HAL_Driver/Src/stm32f1xx_hal_gpio.o
 .debug_frame   0x00000f94      0x218 ./Drivers/STM32F1xx_HAL_Driver/Src/stm32f1xx_hal_rcc.o
 .debug_frame   0x000011ac     0x11b8 ./Drivers/STM32F1xx_HAL_Driver/Src/stm32f1xx_hal_tim.o
 .debug_frame   0x00002364      0x638 ./Drivers/STM32F1xx_HAL_Driver/Src/stm32f1xx_hal_tim_ex.o
 .debug_frame   0x0000299c      0x944 ./Drivers/STM32F1xx_HAL_Driver/Src/stm32f1xx_hal_uart.o
 .debug_frame   0x000032e0       0x20 C:/ST/STM32CubeIDE_1.17.0/STM32CubeIDE/plugins/com.st.stm32cube.ide.mcu.externaltools.gnu-tools-for-stm32.12.3.rel1.win32_1.1.0.202410251130/tools/bin/../lib/gcc/arm-none-eabi/12.3.1/../../../../arm-none-eabi/lib/thumb/v7-m/nofp\libc_nano.a(libc_a-memset.o)
 .debug_frame   0x00003300       0x2c C:/ST/STM32CubeIDE_1.17.0/STM32CubeIDE/plugins/com.st.stm32cube.ide.mcu.externaltools.gnu-tools-for-stm32.12.3.rel1.win32_1.1.0.202410251130/tools/bin/../lib/gcc/arm-none-eabi/12.3.1/../../../../arm-none-eabi/lib/thumb/v7-m/nofp\libc_nano.a(libc_a-init.o)

.debug_line_str
                0x00000000       0x54
 .debug_line_str
                0x00000000       0x54 ./Core/Startup/startup_stm32f103rbtx.o
