../Core/Src/main.c:121:5:main	8	static
../Core/Src/main.c:201:6:SystemClock_Config	72	static
../Core/Src/main.c:237:13:MX_TIM1_Init	96	static
../Core/Src/main.c:312:13:MX_TIM2_Init	48	static
../Core/Src/main.c:365:13:MX_TIM3_Init	64	static
../Core/Src/main.c:428:13:MX_TIM4_Init	48	static
../Core/Src/main.c:481:13:MX_USART1_UART_Init	8	static
../Core/Src/main.c:514:13:MX_USART2_UART_Init	8	static
../Core/Src/main.c:547:13:MX_GPIO_Init	40	static
../Core/Src/main.c:594:6:printActuatorPacket	104	static
../Core/Src/main.c:633:6:handlePacket	16	static
../Core/Src/main.c:668:6:HAL_UART_RxCpltCallback	16	static
../Core/Src/main.c:675:6:HAL_UART_ErrorCallback	16	static
../Core/Src/main.c:683:6:initControlValue	4	static
../Core/Src/main.c:693:6:testTask	8	static
../Core/Src/main.c:726:6:seatTask	16	static
../Core/Src/main.c:753:6:windowTask	16	static
../Core/Src/main.c:780:6:fanTask	8	static
../Core/Src/main.c:791:6:ledTask	8	static
../Core/Src/main.c:802:6:rgbTask	16	static
../Core/Src/main.c:822:6:buzzerTask	16	static
../Core/Src/main.c:877:6:Error_Handler	4	static,ignoring_inline_asm
