../Core/Src/main.c:93:5:main	8	static
../Core/Src/main.c:145:6:SystemClock_Config	72	static
../Core/Src/main.c:181:13:MX_TIM1_Init	96	static
../Core/Src/main.c:256:13:MX_TIM2_Init	48	static
../Core/Src/main.c:309:13:MX_TIM3_Init	64	static
../Core/Src/main.c:368:13:MX_TIM4_Init	48	static
../Core/Src/main.c:421:13:MX_USART2_UART_Init	8	static
../Core/Src/main.c:454:13:MX_GPIO_Init	40	static
../Core/Src/main.c:501:6:toggleFanTask2s	8	static
../Core/Src/main.c:515:6:toggleLedTask2s	8	static
../Core/Src/main.c:535:6:Error_Handler	4	static,ignoring_inline_asm
