../Core/Src/main.c:118:5:main	8	static
../Core/Src/main.c:186:6:SystemClock_Config	72	static
../Core/Src/main.c:222:13:MX_TIM1_Init	96	static
../Core/Src/main.c:297:13:MX_TIM2_Init	48	static
../Core/Src/main.c:350:13:MX_TIM3_Init	64	static
../Core/Src/main.c:413:13:MX_TIM4_Init	48	static
../Core/Src/main.c:466:13:MX_USART1_UART_Init	8	static
../Core/Src/main.c:499:13:MX_GPIO_Init	40	static
../Core/Src/main.c:546:6:handlePacket	16	static
../Core/Src/main.c:568:6:HAL_UART_RxCpltCallback	16	static
../Core/Src/main.c:575:6:HAL_UART_ErrorCallback	16	static
../Core/Src/main.c:582:6:initControlValue	4	static
../Core/Src/main.c:592:6:testTask	8	static
../Core/Src/main.c:625:6:seatTask	16	static
../Core/Src/main.c:652:6:windowTask	16	static
../Core/Src/main.c:679:6:fanTask	8	static
../Core/Src/main.c:690:6:ledTask	8	static
../Core/Src/main.c:701:6:rgbTask	16	static
../Core/Src/main.c:719:6:buzzerTask	16	static
../Core/Src/main.c:774:6:Error_Handler	4	static,ignoring_inline_asm
