../Core/Src/main.c:122:5:main	8	static
../Core/Src/main.c:188:6:SystemClock_Config	72	static
../Core/Src/main.c:224:13:MX_TIM1_Init	96	static
../Core/Src/main.c:299:13:MX_TIM2_Init	48	static
../Core/Src/main.c:352:13:MX_TIM3_Init	64	static
../Core/Src/main.c:415:13:MX_TIM4_Init	48	static
../Core/Src/main.c:468:13:MX_USART1_UART_Init	8	static
../Core/Src/main.c:501:13:MX_GPIO_Init	40	static
../Core/Src/main.c:548:6:HAL_UART_RxCpltCallback	16	static
../Core/Src/main.c:564:6:HAL_UART_ErrorCallback	16	static
../Core/Src/main.c:571:6:initControlValue	4	static
../Core/Src/main.c:577:6:testTask	8	static
../Core/Src/main.c:606:6:seatTask	16	static
../Core/Src/main.c:633:6:windowTask	16	static
../Core/Src/main.c:660:6:fanTask	4	static
../Core/Src/main.c:664:6:ledTask	8	static
../Core/Src/main.c:675:6:rgbTask	4	static
../Core/Src/main.c:679:6:buzzerTask	4	static
../Core/Src/main.c:689:6:Error_Handler	4	static,ignoring_inline_asm
