../Core/Src/main.c:123:5:main	8	static
../Core/Src/main.c:186:6:SystemClock_Config	72	static
../Core/Src/main.c:222:13:MX_TIM1_Init	96	static
../Core/Src/main.c:297:13:MX_TIM2_Init	48	static
../Core/Src/main.c:350:13:MX_TIM3_Init	64	static
../Core/Src/main.c:413:13:MX_TIM4_Init	48	static
../Core/Src/main.c:466:13:MX_USART1_UART_Init	8	static
../Core/Src/main.c:499:13:MX_GPIO_Init	40	static
../Core/Src/main.c:546:6:HAL_UART_RxCpltCallback	16	static
../Core/Src/main.c:565:6:HAL_UART_ErrorCallback	16	static
../Core/Src/main.c:572:6:initControlValue	4	static
../Core/Src/main.c:581:6:testTask	8	static
../Core/Src/main.c:614:6:seatTask	16	static
../Core/Src/main.c:641:6:windowTask	16	static
../Core/Src/main.c:668:6:fanTask	8	static
../Core/Src/main.c:679:6:ledTask	8	static
../Core/Src/main.c:690:6:rgbTask	16	static
../Core/Src/main.c:707:6:buzzerTask	16	static
../Core/Src/main.c:765:6:Error_Handler	4	static,ignoring_inline_asm
